Component: Arm Compiler for Embedded 6.21 Tool: armlink [5ec1fa00]

==============================================================================

Section Cross References

    task_demo.o(.text.main) refers to task.o(.text.prvInitialiseTaskLists) for prvInitialiseTaskLists
    task_demo.o(.text.main) refers to task_demo.o(.bss.Task1TCB) for Task1TCB
    task_demo.o(.text.main) refers to task_demo.o(.bss.Task1Stack) for Task1Stack
    task_demo.o(.text.main) refers to task_demo.o(.text.Task1_Entry) for Task1_Entry
    task_demo.o(.text.main) refers to task_demo.o(.rodata.str1.1) for .L.str
    task_demo.o(.text.main) refers to task.o(.text.xTaskCreateStatic) for xTaskCreateStatic
    task_demo.o(.text.main) refers to task_demo.o(.bss.Task1_Handle) for Task1_Handle
    task_demo.o(.text.main) refers to task.o(.bss.pxReadyTasksLists) for pxReadyTasksLists
    task_demo.o(.text.main) refers to list.o(.text.vListInsertEnd) for vListInsertEnd
    task_demo.o(.text.main) refers to task_demo.o(.bss.Task2TCB) for Task2TCB
    task_demo.o(.text.main) refers to task_demo.o(.bss.Task2Stack) for Task2Stack
    task_demo.o(.text.main) refers to task_demo.o(.text.Task2_Entry) for Task2_Entry
    task_demo.o(.text.main) refers to task_demo.o(.bss.Task2_Handle) for Task2_Handle
    task_demo.o(.text.main) refers to task.o(.text.vTaskStartScheduler) for vTaskStartScheduler
    task_demo.o(.ARM.exidx.text.main) refers to task_demo.o(.text.main) for [Anonymous Symbol]
    task_demo.o(.text.Task1_Entry) refers to task_demo.o(.data.flag1) for flag1
    task_demo.o(.text.Task1_Entry) refers to task_demo.o(.text.delay) for delay
    task_demo.o(.ARM.exidx.text.Task1_Entry) refers to task_demo.o(.text.Task1_Entry) for [Anonymous Symbol]
    task_demo.o(.text.Task2_Entry) refers to task_demo.o(.bss.flag2) for flag2
    task_demo.o(.text.Task2_Entry) refers to task_demo.o(.text.delay) for delay
    task_demo.o(.ARM.exidx.text.Task2_Entry) refers to task_demo.o(.text.Task2_Entry) for [Anonymous Symbol]
    task_demo.o(.ARM.exidx.text.delay) refers to task_demo.o(.text.delay) for [Anonymous Symbol]
    port.o(.text.pxPortInitialiseStack) refers to port.o(.text.prvTaskExitError) for prvTaskExitError
    port.o(.ARM.exidx.text.pxPortInitialiseStack) refers to port.o(.text.pxPortInitialiseStack) for [Anonymous Symbol]
    port.o(.ARM.exidx.text.prvTaskExitError) refers to port.o(.text.prvTaskExitError) for [Anonymous Symbol]
    port.o(.ARM.exidx.text.prvStartFirstTask) refers to port.o(.text.prvStartFirstTask) for [Anonymous Symbol]
    port.o(.text.xPortStartScheduler) refers to port.o(.text.prvStartFirstTask) for prvStartFirstTask
    port.o(.ARM.exidx.text.xPortStartScheduler) refers to port.o(.text.xPortStartScheduler) for [Anonymous Symbol]
    port.o(.text.vPortSVCHandler) refers to task.o(.bss.pxCurrentTCB) for pxCurrentTCB
    port.o(.ARM.exidx.text.vPortSVCHandler) refers to port.o(.text.vPortSVCHandler) for [Anonymous Symbol]
    port.o(.text.PendSV_Handler) refers to task.o(.text.vTaskSwitchContext) for vTaskSwitchContext
    port.o(.text.PendSV_Handler) refers to task.o(.bss.pxCurrentTCB) for pxCurrentTCB
    port.o(.ARM.exidx.text.PendSV_Handler) refers to port.o(.text.PendSV_Handler) for [Anonymous Symbol]
    list.o(.ARM.exidx.text.vListInitialiseItem) refers to list.o(.text.vListInitialiseItem) for [Anonymous Symbol]
    list.o(.ARM.exidx.text.vListInitialise) refers to list.o(.text.vListInitialise) for [Anonymous Symbol]
    list.o(.ARM.exidx.text.vListInsertEnd) refers to list.o(.text.vListInsertEnd) for [Anonymous Symbol]
    list.o(.ARM.exidx.text.vListInsert) refers to list.o(.text.vListInsert) for [Anonymous Symbol]
    list.o(.ARM.exidx.text.uxListRemove) refers to list.o(.text.uxListRemove) for [Anonymous Symbol]
    task.o(.text.xTaskCreateStatic) refers to task.o(.text.prvInitialiseNewTask) for prvInitialiseNewTask
    task.o(.ARM.exidx.text.xTaskCreateStatic) refers to task.o(.text.xTaskCreateStatic) for [Anonymous Symbol]
    task.o(.text.prvInitialiseNewTask) refers to list.o(.text.vListInitialiseItem) for vListInitialiseItem
    task.o(.text.prvInitialiseNewTask) refers to port.o(.text.pxPortInitialiseStack) for pxPortInitialiseStack
    task.o(.ARM.exidx.text.prvInitialiseNewTask) refers to task.o(.text.prvInitialiseNewTask) for [Anonymous Symbol]
    task.o(.text.prvInitialiseTaskLists) refers to task.o(.bss.pxReadyTasksLists) for pxReadyTasksLists
    task.o(.text.prvInitialiseTaskLists) refers to list.o(.text.vListInitialise) for vListInitialise
    task.o(.ARM.exidx.text.prvInitialiseTaskLists) refers to task.o(.text.prvInitialiseTaskLists) for [Anonymous Symbol]
    task.o(.text.vTaskStartScheduler) refers to task.o(.bss.pxCurrentTCB) for pxCurrentTCB
    task.o(.text.vTaskStartScheduler) refers to task_demo.o(.bss.Task1TCB) for Task1TCB
    task.o(.text.vTaskStartScheduler) refers to port.o(.text.xPortStartScheduler) for xPortStartScheduler
    task.o(.ARM.exidx.text.vTaskStartScheduler) refers to task.o(.text.vTaskStartScheduler) for [Anonymous Symbol]
    task.o(.text.vTaskSwitchContext) refers to task.o(.bss.pxCurrentTCB) for pxCurrentTCB
    task.o(.text.vTaskSwitchContext) refers to task_demo.o(.bss.Task1TCB) for Task1TCB
    task.o(.text.vTaskSwitchContext) refers to task_demo.o(.bss.Task2TCB) for Task2TCB
    task.o(.ARM.exidx.text.vTaskSwitchContext) refers to task.o(.text.vTaskSwitchContext) for [Anonymous Symbol]
    startup_armcm4.o(.ARM.exidx.text.Default_Handler) refers to startup_armcm4.o(.text.Default_Handler) for [Anonymous Symbol]
    startup_armcm4.o(.text.Reset_Handler) refers to system_armcm4.o(.text.SystemInit) for SystemInit
    startup_armcm4.o(.text.Reset_Handler) refers to __main.o(!!!main) for __main
    startup_armcm4.o(.ARM.exidx.text.Reset_Handler) refers to startup_armcm4.o(.text.Reset_Handler) for [Anonymous Symbol]
    startup_armcm4.o(.ARM.exidx.text.HardFault_Handler) refers to startup_armcm4.o(.text.HardFault_Handler) for [Anonymous Symbol]
    startup_armcm4.o(RESET) refers to startup_armcm4.o(.text.Reset_Handler) for Reset_Handler
    startup_armcm4.o(RESET) refers to startup_armcm4.o(.text.Default_Handler) for NMI_Handler
    startup_armcm4.o(RESET) refers to startup_armcm4.o(.text.HardFault_Handler) for HardFault_Handler
    startup_armcm4.o(RESET) refers to port.o(.text.PendSV_Handler) for PendSV_Handler
    system_armcm4.o(.text.SystemCoreClockUpdate) refers to system_armcm4.o(.data.SystemCoreClock) for SystemCoreClock
    system_armcm4.o(.ARM.exidx.text.SystemCoreClockUpdate) refers to system_armcm4.o(.text.SystemCoreClockUpdate) for [Anonymous Symbol]
    system_armcm4.o(.text.SystemInit) refers to startup_armcm4.o(RESET) for __Vectors
    system_armcm4.o(.text.SystemInit) refers to system_armcm4.o(.data.SystemCoreClock) for SystemCoreClock
    system_armcm4.o(.ARM.exidx.text.SystemInit) refers to system_armcm4.o(.text.SystemInit) for [Anonymous Symbol]
    __main.o(!!!main) refers to __rtentry.o(.ARM.Collect$$rtentry$$00000000) for __rt_entry
    __rtentry.o(.ARM.Collect$$rtentry$$00000000) refers (Special) to __rtentry2.o(.ARM.Collect$$rtentry$$0000000A) for __rt_entry_li
    __rtentry.o(.ARM.Collect$$rtentry$$00000000) refers (Special) to __rtentry2.o(.ARM.Collect$$rtentry$$0000000D) for __rt_entry_main
    __rtentry.o(.ARM.Collect$$rtentry$$00000000) refers (Special) to __rtentry2.o(.ARM.Collect$$rtentry$$0000000C) for __rt_entry_postli_1
    __rtentry.o(.ARM.Collect$$rtentry$$00000000) refers (Special) to __rtentry2.o(.ARM.Collect$$rtentry$$00000009) for __rt_entry_postsh_1
    __rtentry.o(.ARM.Collect$$rtentry$$00000000) refers (Special) to __rtentry2.o(.ARM.Collect$$rtentry$$00000002) for __rt_entry_presh_1
    __rtentry.o(.ARM.Collect$$rtentry$$00000000) refers (Special) to __rtentry7.o(.ARM.Collect$$rtentry$$00000007) for __rt_entry_sh
    __rtentry2.o(.ARM.Collect$$rtentry$$00000008) refers to boardinit2.o(.text) for _platform_post_stackheap_init
    __rtentry2.o(.ARM.Collect$$rtentry$$0000000A) refers to libinit.o(.ARM.Collect$$libinit$$00000000) for __rt_lib_init
    __rtentry2.o(.ARM.Collect$$rtentry$$0000000B) refers to boardinit3.o(.text) for _platform_post_lib_init
    __rtentry2.o(.ARM.Collect$$rtentry$$0000000D) refers to task_demo.o(.text.main) for main
    __rtentry2.o(.ARM.Collect$$rtentry$$0000000D) refers to exit.o(.text) for exit
    __rtentry2.o(.ARM.exidx) refers to __rtentry2.o(.ARM.Collect$$rtentry$$00000001) for .ARM.Collect$$rtentry$$00000001
    __rtentry2.o(.ARM.exidx) refers to __rtentry2.o(.ARM.Collect$$rtentry$$00000008) for .ARM.Collect$$rtentry$$00000008
    __rtentry2.o(.ARM.exidx) refers to __rtentry2.o(.ARM.Collect$$rtentry$$0000000A) for .ARM.Collect$$rtentry$$0000000A
    __rtentry2.o(.ARM.exidx) refers to __rtentry2.o(.ARM.Collect$$rtentry$$0000000B) for .ARM.Collect$$rtentry$$0000000B
    __rtentry2.o(.ARM.exidx) refers to __rtentry2.o(.ARM.Collect$$rtentry$$0000000D) for .ARM.Collect$$rtentry$$0000000D
    __rtentry4.o(.ARM.Collect$$rtentry$$00000004) refers to sys_stackheap_outer.o(.text) for __user_setup_stackheap
    __rtentry4.o(.ARM.exidx) refers to __rtentry4.o(.ARM.Collect$$rtentry$$00000004) for .ARM.Collect$$rtentry$$00000004
    __rtentry7.o(.ARM.Collect$$rtentry$$00000007) refers to __rtentry7.o(.ARM.Collect$$rtentry$$00002718) for __lit__00000000
    __rtentry7.o(__vectab_stack_and_reset_2_area) refers to __main.o(!!!main) for __main
    __rtentry7.o(.ARM.exidx) refers to __rtentry7.o(.ARM.Collect$$rtentry$$00000007) for .ARM.Collect$$rtentry$$00000007
    __rtentry7.o(.ARM.exidx) refers to __rtentry7.o(.ARM.Collect$$rtentry$$00002718) for .ARM.Collect$$rtentry$$00002718
    sys_stackheap_outer.o(.text) refers to libspace.o(.text) for __user_perproc_libspace
    sys_stackheap_outer.o(.text) refers to sys_stackheap.o(.text) for __user_initial_stackheap
    exit.o(.text) refers to rtexit.o(.ARM.Collect$$rtexit$$00000000) for __rt_exit
    libinit.o(.ARM.Collect$$libinit$$00000000) refers (Special) to libinit2.o(.ARM.Collect$$libinit$$00000030) for __rt_lib_init_alloca_1
    libinit.o(.ARM.Collect$$libinit$$00000000) refers (Special) to libinit2.o(.ARM.Collect$$libinit$$0000002E) for __rt_lib_init_argv_1
    libinit.o(.ARM.Collect$$libinit$$00000000) refers (Special) to libinit2.o(.ARM.Collect$$libinit$$0000001D) for __rt_lib_init_atexit_1
    libinit.o(.ARM.Collect$$libinit$$00000000) refers (Special) to libinit2.o(.ARM.Collect$$libinit$$00000023) for __rt_lib_init_clock_1
    libinit.o(.ARM.Collect$$libinit$$00000000) refers (Special) to libinit2.o(.ARM.Collect$$libinit$$00000034) for __rt_lib_init_cpp_1
    libinit.o(.ARM.Collect$$libinit$$00000000) refers (Special) to libinit2.o(.ARM.Collect$$libinit$$00000032) for __rt_lib_init_exceptions_1
    libinit.o(.ARM.Collect$$libinit$$00000000) refers (Special) to libinit2.o(.ARM.Collect$$libinit$$00000002) for __rt_lib_init_fp_1
    libinit.o(.ARM.Collect$$libinit$$00000000) refers (Special) to libinit2.o(.ARM.Collect$$libinit$$00000021) for __rt_lib_init_fp_trap_1
    libinit.o(.ARM.Collect$$libinit$$00000000) refers (Special) to libinit2.o(.ARM.Collect$$libinit$$00000025) for __rt_lib_init_getenv_1
    libinit.o(.ARM.Collect$$libinit$$00000000) refers (Special) to libinit2.o(.ARM.Collect$$libinit$$0000000C) for __rt_lib_init_heap_1
    libinit.o(.ARM.Collect$$libinit$$00000000) refers (Special) to libinit2.o(.ARM.Collect$$libinit$$00000013) for __rt_lib_init_lc_collate_1
    libinit.o(.ARM.Collect$$libinit$$00000000) refers (Special) to libinit2.o(.ARM.Collect$$libinit$$00000015) for __rt_lib_init_lc_ctype_1
    libinit.o(.ARM.Collect$$libinit$$00000000) refers (Special) to libinit2.o(.ARM.Collect$$libinit$$00000017) for __rt_lib_init_lc_monetary_1
    libinit.o(.ARM.Collect$$libinit$$00000000) refers (Special) to libinit2.o(.ARM.Collect$$libinit$$00000019) for __rt_lib_init_lc_numeric_1
    libinit.o(.ARM.Collect$$libinit$$00000000) refers (Special) to libinit2.o(.ARM.Collect$$libinit$$0000001B) for __rt_lib_init_lc_time_1
    libinit.o(.ARM.Collect$$libinit$$00000000) refers (Special) to libinit2.o(.ARM.Collect$$libinit$$00000006) for __rt_lib_init_preinit_1
    libinit.o(.ARM.Collect$$libinit$$00000000) refers (Special) to libinit2.o(.ARM.Collect$$libinit$$00000010) for __rt_lib_init_rand_1
    libinit.o(.ARM.Collect$$libinit$$00000000) refers (Special) to libinit2.o(.ARM.Collect$$libinit$$00000004) for __rt_lib_init_relocate_pie_1
    libinit.o(.ARM.Collect$$libinit$$00000000) refers (Special) to libinit2.o(.ARM.Collect$$libinit$$00000035) for __rt_lib_init_return
    libinit.o(.ARM.Collect$$libinit$$00000000) refers (Special) to libinit2.o(.ARM.Collect$$libinit$$0000001F) for __rt_lib_init_signal_1
    libinit.o(.ARM.Collect$$libinit$$00000000) refers (Special) to libinit2.o(.ARM.Collect$$libinit$$00000027) for __rt_lib_init_stdio_1
    libinit.o(.ARM.Collect$$libinit$$00000000) refers (Special) to libinit2.o(.ARM.Collect$$libinit$$0000000E) for __rt_lib_init_user_alloc_1
    libspace.o(.text) refers to libspace.o(.bss) for __libspace_start
    sys_stackheap.o(.text) refers (Special) to indicate_semi.o(.text) for __semihosting_library_function
    sys_stackheap.o(.text) refers to use_no_semi.o(.text) for __I$use$semihosting
    sys_stackheap_hlt.o(.text) refers (Special) to indicate_semi.o(.text) for __semihosting_library_function
    sys_stackheap_hlt.o(.text) refers to use_no_semi.o(.text) for __I$use$semihosting
    rtexit.o(.ARM.Collect$$rtexit$$00000000) refers (Special) to rtexit2.o(.ARM.Collect$$rtexit$$00000004) for __rt_exit_exit
    rtexit.o(.ARM.Collect$$rtexit$$00000000) refers (Special) to rtexit2.o(.ARM.Collect$$rtexit$$00000003) for __rt_exit_ls
    rtexit.o(.ARM.Collect$$rtexit$$00000000) refers (Special) to rtexit2.o(.ARM.Collect$$rtexit$$00000002) for __rt_exit_prels_1
    rtexit.o(.ARM.exidx) refers (Special) to rtexit2.o(.ARM.Collect$$rtexit$$00000004) for __rt_exit_exit
    rtexit.o(.ARM.exidx) refers (Special) to rtexit2.o(.ARM.Collect$$rtexit$$00000003) for __rt_exit_ls
    rtexit.o(.ARM.exidx) refers (Special) to rtexit2.o(.ARM.Collect$$rtexit$$00000002) for __rt_exit_prels_1
    rtexit.o(.ARM.exidx) refers to rtexit.o(.ARM.Collect$$rtexit$$00000000) for .ARM.Collect$$rtexit$$00000000
    libinit2.o(.ARM.Collect$$libinit$$00000012) refers to libinit2.o(.ARM.Collect$$libinit$$00000011) for .ARM.Collect$$libinit$$00000011
    libinit2.o(.ARM.Collect$$libinit$$00000014) refers to libinit2.o(.ARM.Collect$$libinit$$00000011) for .ARM.Collect$$libinit$$00000011
    libinit2.o(.ARM.Collect$$libinit$$00000016) refers to libinit2.o(.ARM.Collect$$libinit$$00000011) for .ARM.Collect$$libinit$$00000011
    libinit2.o(.ARM.Collect$$libinit$$00000018) refers to libinit2.o(.ARM.Collect$$libinit$$00000011) for .ARM.Collect$$libinit$$00000011
    libinit2.o(.ARM.Collect$$libinit$$0000001A) refers to libinit2.o(.ARM.Collect$$libinit$$00000011) for .ARM.Collect$$libinit$$00000011
    libinit2.o(.ARM.Collect$$libinit$$00000028) refers to argv_veneer.o(.emb_text) for __ARM_argv_veneer
    libinit2.o(.ARM.Collect$$libinit$$00000029) refers to argv_veneer.o(.emb_text) for __ARM_argv_veneer
    libinit5.o(.ARM.Collect$$libinit$$0000000A) refers to libinit5.o(.ARM.Collect$$libinit$$0000271B) for __lit__00000000
    libinit5.o(.ARM.Collect$$libinit$$0000002C) refers to libinit5.o(.ARM.Collect$$libinit$$0000273D) for __lit__00000002
    libinit5.o(.ARM.Collect$$libinit$$0000002C) refers to argv_veneer.o(.emb_text) for __ARM_argv_veneer
    rtexit2.o(.ARM.Collect$$rtexit$$00000003) refers to libshutdown.o(.ARM.Collect$$libshutdown$$00000000) for __rt_lib_shutdown
    rtexit2.o(.ARM.Collect$$rtexit$$00000004) refers to sys_exit.o(.text) for _sys_exit
    rtexit2.o(.ARM.exidx) refers to rtexit2.o(.ARM.Collect$$rtexit$$00000001) for .ARM.Collect$$rtexit$$00000001
    rtexit2.o(.ARM.exidx) refers to rtexit2.o(.ARM.Collect$$rtexit$$00000003) for .ARM.Collect$$rtexit$$00000003
    rtexit2.o(.ARM.exidx) refers to rtexit2.o(.ARM.Collect$$rtexit$$00000004) for .ARM.Collect$$rtexit$$00000004
    argv_veneer.o(.emb_text) refers to no_argv.o(.text) for __ARM_get_argv
    sys_exit.o(.text) refers (Special) to use_no_semi.o(.text) for __I$use$semihosting
    sys_exit.o(.text) refers (Special) to indicate_semi.o(.text) for __semihosting_library_function
    sys_exit_hlt.o(.text) refers (Special) to use_no_semi.o(.text) for __I$use$semihosting
    sys_exit_hlt.o(.text) refers (Special) to indicate_semi.o(.text) for __semihosting_library_function
    _get_argv_nomalloc.o(.text) refers (Special) to hrguard.o(.text) for __heap_region$guard
    _get_argv_nomalloc.o(.text) refers to defsig_rtmem_outer.o(.text) for __rt_SIGRTMEM
    _get_argv_nomalloc.o(.text) refers to sys_command.o(.text) for _sys_command_string
    libshutdown.o(.ARM.Collect$$libshutdown$$00000000) refers (Special) to libshutdown2.o(.ARM.Collect$$libshutdown$$00000002) for __rt_lib_shutdown_cpp_1
    libshutdown.o(.ARM.Collect$$libshutdown$$00000000) refers (Special) to libshutdown2.o(.ARM.Collect$$libshutdown$$00000007) for __rt_lib_shutdown_fp_trap_1
    libshutdown.o(.ARM.Collect$$libshutdown$$00000000) refers (Special) to libshutdown2.o(.ARM.Collect$$libshutdown$$0000000F) for __rt_lib_shutdown_heap_1
    libshutdown.o(.ARM.Collect$$libshutdown$$00000000) refers (Special) to libshutdown2.o(.ARM.Collect$$libshutdown$$00000010) for __rt_lib_shutdown_return
    libshutdown.o(.ARM.Collect$$libshutdown$$00000000) refers (Special) to libshutdown2.o(.ARM.Collect$$libshutdown$$0000000A) for __rt_lib_shutdown_signal_1
    libshutdown.o(.ARM.Collect$$libshutdown$$00000000) refers (Special) to libshutdown2.o(.ARM.Collect$$libshutdown$$00000004) for __rt_lib_shutdown_stdio_1
    libshutdown.o(.ARM.Collect$$libshutdown$$00000000) refers (Special) to libshutdown2.o(.ARM.Collect$$libshutdown$$0000000C) for __rt_lib_shutdown_user_alloc_1
    sys_command.o(.text) refers (Special) to use_no_semi.o(.text) for __I$use$semihosting
    sys_command.o(.text) refers (Special) to indicate_semi.o(.text) for __semihosting_library_function
    sys_command_hlt.o(.text) refers (Special) to use_no_semi.o(.text) for __I$use$semihosting
    sys_command_hlt.o(.text) refers (Special) to indicate_semi.o(.text) for __semihosting_library_function
    defsig_rtmem_outer.o(.text) refers to defsig_rtmem_inner.o(.text) for __rt_SIGRTMEM_inner
    defsig_rtmem_outer.o(.text) refers to defsig_exit.o(.text) for __sig_exit
    defsig_rtmem_formal.o(.text) refers to rt_raise.o(.text) for __rt_raise
    rt_raise.o(.text) refers to __raise.o(.text) for __raise
    rt_raise.o(.text) refers to sys_exit.o(.text) for _sys_exit
    defsig_exit.o(.text) refers to sys_exit.o(.text) for _sys_exit
    defsig_rtmem_inner.o(.text) refers to defsig_general.o(.text) for __default_signal_display
    __raise.o(.text) refers to defsig.o(CL$$defsig) for __default_signal_handler
    defsig_general.o(.text) refers to sys_wrch.o(.text) for _ttywrch
    sys_wrch.o(.text) refers (Special) to use_no_semi.o(.text) for __I$use$semihosting
    sys_wrch.o(.text) refers (Special) to indicate_semi.o(.text) for __semihosting_library_function
    sys_wrch_hlt.o(.text) refers (Special) to use_no_semi.o(.text) for __I$use$semihosting
    sys_wrch_hlt.o(.text) refers (Special) to indicate_semi.o(.text) for __semihosting_library_function
    defsig.o(CL$$defsig) refers to defsig_rtmem_inner.o(.text) for __rt_SIGRTMEM_inner
    defsig_abrt_inner.o(.text) refers to defsig_general.o(.text) for __default_signal_display
    defsig_fpe_inner.o(.text) refers to defsig_general.o(.text) for __default_signal_display
    defsig_rtred_inner.o(.text) refers to defsig_general.o(.text) for __default_signal_display
    defsig_stak_inner.o(.text) refers to defsig_general.o(.text) for __default_signal_display
    defsig_pvfn_inner.o(.text) refers to defsig_general.o(.text) for __default_signal_display
    defsig_cppl_inner.o(.text) refers to defsig_general.o(.text) for __default_signal_display
    defsig_segv_inner.o(.text) refers to defsig_general.o(.text) for __default_signal_display
    defsig_other.o(.text) refers to defsig_general.o(.text) for __default_signal_display


==============================================================================

Removing Unused input sections from the image.

    Removing task_demo.o(.text), (0 bytes).
    Removing task_demo.o(.ARM.exidx.text.main), (8 bytes).
    Removing task_demo.o(.ARM.exidx.text.Task1_Entry), (8 bytes).
    Removing task_demo.o(.ARM.exidx.text.Task2_Entry), (8 bytes).
    Removing task_demo.o(.ARM.exidx.text.delay), (8 bytes).
    Removing task_demo.o(.ARM.use_no_argv), (4 bytes).
    Removing port.o(.text), (0 bytes).
    Removing port.o(.ARM.exidx.text.pxPortInitialiseStack), (8 bytes).
    Removing port.o(.ARM.exidx.text.prvTaskExitError), (8 bytes).
    Removing port.o(.ARM.exidx.text.prvStartFirstTask), (8 bytes).
    Removing port.o(.ARM.exidx.text.xPortStartScheduler), (8 bytes).
    Removing port.o(.text.vPortSVCHandler), (40 bytes).
    Removing port.o(.ARM.exidx.text.vPortSVCHandler), (8 bytes).
    Removing port.o(.ARM.exidx.text.PendSV_Handler), (8 bytes).
    Removing list.o(.text), (0 bytes).
    Removing list.o(.ARM.exidx.text.vListInitialiseItem), (8 bytes).
    Removing list.o(.ARM.exidx.text.vListInitialise), (8 bytes).
    Removing list.o(.ARM.exidx.text.vListInsertEnd), (8 bytes).
    Removing list.o(.text.vListInsert), (106 bytes).
    Removing list.o(.ARM.exidx.text.vListInsert), (8 bytes).
    Removing list.o(.text.uxListRemove), (70 bytes).
    Removing list.o(.ARM.exidx.text.uxListRemove), (8 bytes).
    Removing task.o(.text), (0 bytes).
    Removing task.o(.ARM.exidx.text.xTaskCreateStatic), (8 bytes).
    Removing task.o(.ARM.exidx.text.prvInitialiseNewTask), (8 bytes).
    Removing task.o(.ARM.exidx.text.prvInitialiseTaskLists), (8 bytes).
    Removing task.o(.ARM.exidx.text.vTaskStartScheduler), (8 bytes).
    Removing task.o(.ARM.exidx.text.vTaskSwitchContext), (8 bytes).
    Removing startup_armcm4.o(.text), (0 bytes).
    Removing startup_armcm4.o(.ARM.exidx.text.Default_Handler), (8 bytes).
    Removing startup_armcm4.o(.ARM.exidx.text.Reset_Handler), (8 bytes).
    Removing startup_armcm4.o(.ARM.exidx.text.HardFault_Handler), (8 bytes).
    Removing system_armcm4.o(.text), (0 bytes).
    Removing system_armcm4.o(.text.SystemCoreClockUpdate), (20 bytes).
    Removing system_armcm4.o(.ARM.exidx.text.SystemCoreClockUpdate), (8 bytes).
    Removing system_armcm4.o(.ARM.exidx.text.SystemInit), (8 bytes).

36 unused section(s) (total 440 bytes) removed from the image.

==============================================================================

Image Symbol Table

    Local Symbols

    Symbol Name                              Value     Ov Type        Size  Object(Section)

    ../clib/angel/boardlib.s                 0x00000000   Number         0  boardinit1.o ABSOLUTE
    ../clib/angel/boardlib.s                 0x00000000   Number         0  boardinit2.o ABSOLUTE
    ../clib/angel/boardlib.s                 0x00000000   Number         0  boardinit3.o ABSOLUTE
    ../clib/angel/boardlib.s                 0x00000000   Number         0  boardshut.o ABSOLUTE
    ../clib/angel/handlers.s                 0x00000000   Number         0  __scatter_copy.o ABSOLUTE
    ../clib/angel/handlers.s                 0x00000000   Number         0  __scatter_zi.o ABSOLUTE
    ../clib/angel/kernel.s                   0x00000000   Number         0  __rtentry.o ABSOLUTE
    ../clib/angel/kernel.s                   0x00000000   Number         0  __rtentry2.o ABSOLUTE
    ../clib/angel/kernel.s                   0x00000000   Number         0  __rtentry4.o ABSOLUTE
    ../clib/angel/kernel.s                   0x00000000   Number         0  __rtentry7.o ABSOLUTE
    ../clib/angel/kernel.s                   0x00000000   Number         0  rtexit.o ABSOLUTE
    ../clib/angel/kernel.s                   0x00000000   Number         0  rtexit2.o ABSOLUTE
    ../clib/angel/rt.s                       0x00000000   Number         0  rt_raise.o ABSOLUTE
    ../clib/angel/scatter.s                  0x00000000   Number         0  __scatter.o ABSOLUTE
    ../clib/angel/startup.s                  0x00000000   Number         0  __main.o ABSOLUTE
    ../clib/angel/sys.s                      0x00000000   Number         0  sys_stackheap_outer.o ABSOLUTE
    ../clib/angel/sys.s                      0x00000000   Number         0  libspace.o ABSOLUTE
    ../clib/angel/sys.s                      0x00000000   Number         0  sys_stackheap.o ABSOLUTE
    ../clib/angel/sys.s                      0x00000000   Number         0  sys_stackheap_hlt.o ABSOLUTE
    ../clib/angel/sys.s                      0x00000000   Number         0  use_no_semi.o ABSOLUTE
    ../clib/angel/sys.s                      0x00000000   Number         0  indicate_semi.o ABSOLUTE
    ../clib/angel/sysapp.c                   0x00000000   Number         0  sys_exit.o ABSOLUTE
    ../clib/angel/sysapp.c                   0x00000000   Number         0  sys_exit_hlt.o ABSOLUTE
    ../clib/angel/sysapp.c                   0x00000000   Number         0  sys_command.o ABSOLUTE
    ../clib/angel/sysapp.c                   0x00000000   Number         0  sys_command_hlt.o ABSOLUTE
    ../clib/angel/sysapp.c                   0x00000000   Number         0  sys_wrch.o ABSOLUTE
    ../clib/angel/sysapp.c                   0x00000000   Number         0  sys_wrch_hlt.o ABSOLUTE
    ../clib/armsys.c                         0x00000000   Number         0  argv_veneer.o ABSOLUTE
    ../clib/armsys.c                         0x00000000   Number         0  argv_veneer.o ABSOLUTE
    ../clib/armsys.c                         0x00000000   Number         0  _get_argv_nomalloc.o ABSOLUTE
    ../clib/armsys.c                         0x00000000   Number         0  no_argv.o ABSOLUTE
    ../clib/heapalloc.c                      0x00000000   Number         0  hrguard.o ABSOLUTE
    ../clib/libinit.s                        0x00000000   Number         0  libinit.o ABSOLUTE
    ../clib/libinit.s                        0x00000000   Number         0  libinit2.o ABSOLUTE
    ../clib/libinit.s                        0x00000000   Number         0  libinit5.o ABSOLUTE
    ../clib/libinit.s                        0x00000000   Number         0  libshutdown.o ABSOLUTE
    ../clib/libinit.s                        0x00000000   Number         0  libshutdown2.o ABSOLUTE
    ../clib/signal.c                         0x00000000   Number         0  defsig_rtmem_outer.o ABSOLUTE
    ../clib/signal.c                         0x00000000   Number         0  defsig_rtmem_formal.o ABSOLUTE
    ../clib/signal.c                         0x00000000   Number         0  defsig_exit.o ABSOLUTE
    ../clib/signal.c                         0x00000000   Number         0  defsig_rtmem_inner.o ABSOLUTE
    ../clib/signal.c                         0x00000000   Number         0  __raise.o ABSOLUTE
    ../clib/signal.c                         0x00000000   Number         0  defsig_general.o ABSOLUTE
    ../clib/signal.c                         0x00000000   Number         0  defsig_abrt_inner.o ABSOLUTE
    ../clib/signal.c                         0x00000000   Number         0  defsig_fpe_inner.o ABSOLUTE
    ../clib/signal.c                         0x00000000   Number         0  defsig_rtred_inner.o ABSOLUTE
    ../clib/signal.c                         0x00000000   Number         0  defsig_stak_inner.o ABSOLUTE
    ../clib/signal.c                         0x00000000   Number         0  defsig_pvfn_inner.o ABSOLUTE
    ../clib/signal.c                         0x00000000   Number         0  defsig_cppl_inner.o ABSOLUTE
    ../clib/signal.c                         0x00000000   Number         0  defsig_segv_inner.o ABSOLUTE
    ../clib/signal.c                         0x00000000   Number         0  defsig_other.o ABSOLUTE
    ../clib/signal.s                         0x00000000   Number         0  defsig.o ABSOLUTE
    ../clib/stdlib.c                         0x00000000   Number         0  exit.o ABSOLUTE
    ../fplib/fpinit.s                        0x00000000   Number         0  fpinit.o ABSOLUTE
    ../fplib/fpinit_empty.s                  0x00000000   Number         0  fpinit_empty.o ABSOLUTE
    __tagsym$$used.0                         0x00000000   Number         0  startup_armcm4.o(RESET)
    dc.s                                     0x00000000   Number         0  dc.o ABSOLUTE
    list.c                                   0x00000000   Number         0  list.o ABSOLUTE
    port.c                                   0x00000000   Number         0  port.o ABSOLUTE
    startup_ARMCM4.c                         0x00000000   Number         0  startup_armcm4.o ABSOLUTE
    system_ARMCM4.c                          0x00000000   Number         0  system_armcm4.o ABSOLUTE
    task.c                                   0x00000000   Number         0  task.o ABSOLUTE
    task_demo.c                              0x00000000   Number         0  task_demo.o ABSOLUTE
    !!!main                                  0x000003c0   Section        8  __main.o(!!!main)
    !!!scatter                               0x000003c8   Section       92  __scatter.o(!!!scatter)
    !!handler_copy                           0x00000424   Section       26  __scatter_copy.o(!!handler_copy)
    !!handler_null                           0x00000440   Section        2  __scatter.o(!!handler_null)
    !!handler_zi                             0x00000444   Section       28  __scatter_zi.o(!!handler_zi)
    .ARM.Collect$$libinit$$00000000          0x00000460   Section        2  libinit.o(.ARM.Collect$$libinit$$00000000)
    .ARM.Collect$$libinit$$00000002          0x00000462   Section        0  libinit2.o(.ARM.Collect$$libinit$$00000002)
    .ARM.Collect$$libinit$$00000004          0x00000462   Section        0  libinit2.o(.ARM.Collect$$libinit$$00000004)
    .ARM.Collect$$libinit$$00000006          0x00000462   Section        0  libinit2.o(.ARM.Collect$$libinit$$00000006)
    .ARM.Collect$$libinit$$0000000C          0x00000462   Section        0  libinit2.o(.ARM.Collect$$libinit$$0000000C)
    .ARM.Collect$$libinit$$0000000E          0x00000462   Section        0  libinit2.o(.ARM.Collect$$libinit$$0000000E)
    .ARM.Collect$$libinit$$00000010          0x00000462   Section        0  libinit2.o(.ARM.Collect$$libinit$$00000010)
    .ARM.Collect$$libinit$$00000013          0x00000462   Section        0  libinit2.o(.ARM.Collect$$libinit$$00000013)
    .ARM.Collect$$libinit$$00000015          0x00000462   Section        0  libinit2.o(.ARM.Collect$$libinit$$00000015)
    .ARM.Collect$$libinit$$00000017          0x00000462   Section        0  libinit2.o(.ARM.Collect$$libinit$$00000017)
    .ARM.Collect$$libinit$$00000019          0x00000462   Section        0  libinit2.o(.ARM.Collect$$libinit$$00000019)
    .ARM.Collect$$libinit$$0000001B          0x00000462   Section        0  libinit2.o(.ARM.Collect$$libinit$$0000001B)
    .ARM.Collect$$libinit$$0000001D          0x00000462   Section        0  libinit2.o(.ARM.Collect$$libinit$$0000001D)
    .ARM.Collect$$libinit$$0000001F          0x00000462   Section        0  libinit2.o(.ARM.Collect$$libinit$$0000001F)
    .ARM.Collect$$libinit$$00000021          0x00000462   Section        0  libinit2.o(.ARM.Collect$$libinit$$00000021)
    .ARM.Collect$$libinit$$00000023          0x00000462   Section        0  libinit2.o(.ARM.Collect$$libinit$$00000023)
    .ARM.Collect$$libinit$$00000025          0x00000462   Section        0  libinit2.o(.ARM.Collect$$libinit$$00000025)
    .ARM.Collect$$libinit$$00000027          0x00000462   Section        0  libinit2.o(.ARM.Collect$$libinit$$00000027)
    .ARM.Collect$$libinit$$0000002E          0x00000462   Section        0  libinit2.o(.ARM.Collect$$libinit$$0000002E)
    .ARM.Collect$$libinit$$00000030          0x00000462   Section        0  libinit2.o(.ARM.Collect$$libinit$$00000030)
    .ARM.Collect$$libinit$$00000032          0x00000462   Section        0  libinit2.o(.ARM.Collect$$libinit$$00000032)
    .ARM.Collect$$libinit$$00000034          0x00000462   Section        0  libinit2.o(.ARM.Collect$$libinit$$00000034)
    .ARM.Collect$$libinit$$00000035          0x00000462   Section        2  libinit2.o(.ARM.Collect$$libinit$$00000035)
    .ARM.Collect$$libshutdown$$00000000      0x00000464   Section        2  libshutdown.o(.ARM.Collect$$libshutdown$$00000000)
    .ARM.Collect$$libshutdown$$00000002      0x00000466   Section        0  libshutdown2.o(.ARM.Collect$$libshutdown$$00000002)
    .ARM.Collect$$libshutdown$$00000004      0x00000466   Section        0  libshutdown2.o(.ARM.Collect$$libshutdown$$00000004)
    .ARM.Collect$$libshutdown$$00000007      0x00000466   Section        0  libshutdown2.o(.ARM.Collect$$libshutdown$$00000007)
    .ARM.Collect$$libshutdown$$0000000A      0x00000466   Section        0  libshutdown2.o(.ARM.Collect$$libshutdown$$0000000A)
    .ARM.Collect$$libshutdown$$0000000C      0x00000466   Section        0  libshutdown2.o(.ARM.Collect$$libshutdown$$0000000C)
    .ARM.Collect$$libshutdown$$0000000F      0x00000466   Section        0  libshutdown2.o(.ARM.Collect$$libshutdown$$0000000F)
    .ARM.Collect$$libshutdown$$00000010      0x00000466   Section        2  libshutdown2.o(.ARM.Collect$$libshutdown$$00000010)
    .ARM.Collect$$rtentry$$00000000          0x00000468   Section        0  __rtentry.o(.ARM.Collect$$rtentry$$00000000)
    .ARM.Collect$$rtentry$$00000002          0x00000468   Section        0  __rtentry2.o(.ARM.Collect$$rtentry$$00000002)
    .ARM.Collect$$rtentry$$00000007          0x00000468   Section        4  __rtentry7.o(.ARM.Collect$$rtentry$$00000007)
    .ARM.Collect$$rtentry$$00000009          0x0000046c   Section        0  __rtentry2.o(.ARM.Collect$$rtentry$$00000009)
    .ARM.Collect$$rtentry$$0000000A          0x0000046c   Section        4  __rtentry2.o(.ARM.Collect$$rtentry$$0000000A)
    .ARM.Collect$$rtentry$$0000000C          0x00000470   Section        0  __rtentry2.o(.ARM.Collect$$rtentry$$0000000C)
    .ARM.Collect$$rtentry$$0000000D          0x00000470   Section        8  __rtentry2.o(.ARM.Collect$$rtentry$$0000000D)
    __lit__00000000                          0x00000478   Data           4  __rtentry7.o(.ARM.Collect$$rtentry$$00002718)
    .ARM.Collect$$rtentry$$00002718          0x00000478   Section        4  __rtentry7.o(.ARM.Collect$$rtentry$$00002718)
    .ARM.Collect$$rtexit$$00000000           0x0000047c   Section        2  rtexit.o(.ARM.Collect$$rtexit$$00000000)
    .ARM.Collect$$rtexit$$00000002           0x0000047e   Section        0  rtexit2.o(.ARM.Collect$$rtexit$$00000002)
    .ARM.Collect$$rtexit$$00000003           0x0000047e   Section        4  rtexit2.o(.ARM.Collect$$rtexit$$00000003)
    .ARM.Collect$$rtexit$$00000004           0x00000482   Section        6  rtexit2.o(.ARM.Collect$$rtexit$$00000004)
    .text                                    0x00000488   Section        0  exit.o(.text)
    .text                                    0x0000049a   Section        2  use_no_semi.o(.text)
    .text                                    0x0000049c   Section        0  indicate_semi.o(.text)
    .text                                    0x0000049c   Section        0  sys_exit.o(.text)
    [Anonymous Symbol]                       0x000004a8   Section        0  startup_armcm4.o(.text.Default_Handler)
    [Anonymous Symbol]                       0x000004ac   Section        0  startup_armcm4.o(.text.HardFault_Handler)
    [Anonymous Symbol]                       0x000004b0   Section        0  port.o(.text.PendSV_Handler)
    [Anonymous Symbol]                       0x00000500   Section        0  startup_armcm4.o(.text.Reset_Handler)
    [Anonymous Symbol]                       0x00000508   Section        0  system_armcm4.o(.text.SystemInit)
    [Anonymous Symbol]                       0x00000530   Section        0  task_demo.o(.text.Task1_Entry)
    [Anonymous Symbol]                       0x00000574   Section        0  task_demo.o(.text.Task2_Entry)
    [Anonymous Symbol]                       0x000005b8   Section        0  task_demo.o(.text.delay)
    [Anonymous Symbol]                       0x000005d4   Section        0  task_demo.o(.text.main)
    prvInitialiseNewTask                     0x00000685   Thumb Code   142  task.o(.text.prvInitialiseNewTask)
    [Anonymous Symbol]                       0x00000684   Section        0  task.o(.text.prvInitialiseNewTask)
    [Anonymous Symbol]                       0x00000714   Section        0  task.o(.text.prvInitialiseTaskLists)
    [Anonymous Symbol]                       0x00000750   Section        0  port.o(.text.prvStartFirstTask)
    prvTaskExitError                         0x00000775   Thumb Code     4  port.o(.text.prvTaskExitError)
    [Anonymous Symbol]                       0x00000774   Section        0  port.o(.text.prvTaskExitError)
    [Anonymous Symbol]                       0x00000778   Section        0  port.o(.text.pxPortInitialiseStack)
    [Anonymous Symbol]                       0x000007c8   Section        0  list.o(.text.vListInitialise)
    [Anonymous Symbol]                       0x000007f8   Section        0  list.o(.text.vListInitialiseItem)
    [Anonymous Symbol]                       0x00000808   Section        0  list.o(.text.vListInsertEnd)
    [Anonymous Symbol]                       0x00000844   Section        0  task.o(.text.vTaskStartScheduler)
    [Anonymous Symbol]                       0x00000864   Section        0  task.o(.text.vTaskSwitchContext)
    [Anonymous Symbol]                       0x000008a8   Section        0  port.o(.text.xPortStartScheduler)
    [Anonymous Symbol]                       0x000008cc   Section        0  task.o(.text.xTaskCreateStatic)
    .L.str                                   0x00000922   Data           6  task_demo.o(.rodata.str1.1)
    [Anonymous Symbol]                       0x00000922   Section        0  task_demo.o(.rodata.str1.1)
    .L.str.1                                 0x00000928   Data           6  task_demo.o(.rodata.str1.1)

    Global Symbols

    Symbol Name                              Value     Ov Type        Size  Object(Section)

    BuildAttributes$$THM_ISAv4$E$P$D$K$B$S$7EM$PE$A:L22UL41UL21$X:L11$S22US41US21$IEEE1$IW$USESV6$~STKCKD$USESV7$~SHL$OSPACE$ROPI$UX$STANDARDLIB$REQ8$PRES8$EABIv2 0x00000000   Number         0  anon$$obj.o ABSOLUTE
    __Vectors                                0x00000000   Data         960  startup_armcm4.o(RESET)
    __fp_init_empty                          0x00000000   Number         0  fpinit_empty.o ABSOLUTE
    Image$$ZI$$Limit                          - Undefined Weak Reference
    __ARM_exceptions_init                     - Undefined Weak Reference
    __alloca_initialize                       - Undefined Weak Reference
    __arm_preinit_                            - Undefined Weak Reference
    __arm_relocate_pie_                       - Undefined Weak Reference
    __cpp_initialize__aeabi_                  - Undefined Weak Reference
    __cxa_finalize                            - Undefined Weak Reference
    __rt_locale                               - Undefined Weak Reference
    __sigvec_lookup                           - Undefined Weak Reference
    _atexit_init                              - Undefined Weak Reference
    _call_atexit_fns                          - Undefined Weak Reference
    _clock_init                               - Undefined Weak Reference
    _fp_trap_init                             - Undefined Weak Reference
    _fp_trap_shutdown                         - Undefined Weak Reference
    _get_lc_collate                           - Undefined Weak Reference
    _get_lc_ctype                             - Undefined Weak Reference
    _get_lc_monetary                          - Undefined Weak Reference
    _get_lc_numeric                           - Undefined Weak Reference
    _get_lc_time                              - Undefined Weak Reference
    _getenv_init                              - Undefined Weak Reference
    _handle_redirection                       - Undefined Weak Reference
    _init_alloc                               - Undefined Weak Reference
    _init_user_alloc                          - Undefined Weak Reference
    _initio                                   - Undefined Weak Reference
    _rand_init                                - Undefined Weak Reference
    _signal_finish                            - Undefined Weak Reference
    _signal_init                              - Undefined Weak Reference
    _terminate_alloc                          - Undefined Weak Reference
    _terminate_user_alloc                     - Undefined Weak Reference
    _terminateio                              - Undefined Weak Reference
    __main                                   0x000003c1   Thumb Code     8  __main.o(!!!main)
    __scatterload                            0x000003c9   Thumb Code     0  __scatter.o(!!!scatter)
    __scatterload_rt2                        0x000003c9   Thumb Code    84  __scatter.o(!!!scatter)
    __scatterload_rt2_thumb_only             0x000003c9   Thumb Code     0  __scatter.o(!!!scatter)
    __scatterload_loop                       0x000003d3   Thumb Code     0  __scatter.o(!!!scatter)
    __scatterload_copy                       0x00000425   Thumb Code    26  __scatter_copy.o(!!handler_copy)
    __scatterload_null                       0x00000441   Thumb Code     2  __scatter.o(!!handler_null)
    __scatterload_zeroinit                   0x00000445   Thumb Code    28  __scatter_zi.o(!!handler_zi)
    __rt_lib_init                            0x00000461   Thumb Code     0  libinit.o(.ARM.Collect$$libinit$$00000000)
    __rt_lib_init_alloca_1                   0x00000463   Thumb Code     0  libinit2.o(.ARM.Collect$$libinit$$00000030)
    __rt_lib_init_argv_1                     0x00000463   Thumb Code     0  libinit2.o(.ARM.Collect$$libinit$$0000002E)
    __rt_lib_init_atexit_1                   0x00000463   Thumb Code     0  libinit2.o(.ARM.Collect$$libinit$$0000001D)
    __rt_lib_init_clock_1                    0x00000463   Thumb Code     0  libinit2.o(.ARM.Collect$$libinit$$00000023)
    __rt_lib_init_cpp_1                      0x00000463   Thumb Code     0  libinit2.o(.ARM.Collect$$libinit$$00000034)
    __rt_lib_init_exceptions_1               0x00000463   Thumb Code     0  libinit2.o(.ARM.Collect$$libinit$$00000032)
    __rt_lib_init_fp_1                       0x00000463   Thumb Code     0  libinit2.o(.ARM.Collect$$libinit$$00000002)
    __rt_lib_init_fp_trap_1                  0x00000463   Thumb Code     0  libinit2.o(.ARM.Collect$$libinit$$00000021)
    __rt_lib_init_getenv_1                   0x00000463   Thumb Code     0  libinit2.o(.ARM.Collect$$libinit$$00000025)
    __rt_lib_init_heap_1                     0x00000463   Thumb Code     0  libinit2.o(.ARM.Collect$$libinit$$0000000C)
    __rt_lib_init_lc_collate_1               0x00000463   Thumb Code     0  libinit2.o(.ARM.Collect$$libinit$$00000013)
    __rt_lib_init_lc_ctype_1                 0x00000463   Thumb Code     0  libinit2.o(.ARM.Collect$$libinit$$00000015)
    __rt_lib_init_lc_monetary_1              0x00000463   Thumb Code     0  libinit2.o(.ARM.Collect$$libinit$$00000017)
    __rt_lib_init_lc_numeric_1               0x00000463   Thumb Code     0  libinit2.o(.ARM.Collect$$libinit$$00000019)
    __rt_lib_init_lc_time_1                  0x00000463   Thumb Code     0  libinit2.o(.ARM.Collect$$libinit$$0000001B)
    __rt_lib_init_preinit_1                  0x00000463   Thumb Code     0  libinit2.o(.ARM.Collect$$libinit$$00000006)
    __rt_lib_init_rand_1                     0x00000463   Thumb Code     0  libinit2.o(.ARM.Collect$$libinit$$00000010)
    __rt_lib_init_relocate_pie_1             0x00000463   Thumb Code     0  libinit2.o(.ARM.Collect$$libinit$$00000004)
    __rt_lib_init_return                     0x00000463   Thumb Code     0  libinit2.o(.ARM.Collect$$libinit$$00000035)
    __rt_lib_init_signal_1                   0x00000463   Thumb Code     0  libinit2.o(.ARM.Collect$$libinit$$0000001F)
    __rt_lib_init_stdio_1                    0x00000463   Thumb Code     0  libinit2.o(.ARM.Collect$$libinit$$00000027)
    __rt_lib_init_user_alloc_1               0x00000463   Thumb Code     0  libinit2.o(.ARM.Collect$$libinit$$0000000E)
    __rt_lib_shutdown                        0x00000465   Thumb Code     0  libshutdown.o(.ARM.Collect$$libshutdown$$00000000)
    __rt_lib_shutdown_cpp_1                  0x00000467   Thumb Code     0  libshutdown2.o(.ARM.Collect$$libshutdown$$00000002)
    __rt_lib_shutdown_fp_trap_1              0x00000467   Thumb Code     0  libshutdown2.o(.ARM.Collect$$libshutdown$$00000007)
    __rt_lib_shutdown_heap_1                 0x00000467   Thumb Code     0  libshutdown2.o(.ARM.Collect$$libshutdown$$0000000F)
    __rt_lib_shutdown_return                 0x00000467   Thumb Code     0  libshutdown2.o(.ARM.Collect$$libshutdown$$00000010)
    __rt_lib_shutdown_signal_1               0x00000467   Thumb Code     0  libshutdown2.o(.ARM.Collect$$libshutdown$$0000000A)
    __rt_lib_shutdown_stdio_1                0x00000467   Thumb Code     0  libshutdown2.o(.ARM.Collect$$libshutdown$$00000004)
    __rt_lib_shutdown_user_alloc_1           0x00000467   Thumb Code     0  libshutdown2.o(.ARM.Collect$$libshutdown$$0000000C)
    __rt_entry                               0x00000469   Thumb Code     0  __rtentry.o(.ARM.Collect$$rtentry$$00000000)
    __rt_entry_presh_1                       0x00000469   Thumb Code     0  __rtentry2.o(.ARM.Collect$$rtentry$$00000002)
    __rt_entry_sh                            0x00000469   Thumb Code     0  __rtentry7.o(.ARM.Collect$$rtentry$$00000007)
    __rt_entry_li                            0x0000046d   Thumb Code     0  __rtentry2.o(.ARM.Collect$$rtentry$$0000000A)
    __rt_entry_postsh_1                      0x0000046d   Thumb Code     0  __rtentry2.o(.ARM.Collect$$rtentry$$00000009)
    __rt_entry_main                          0x00000471   Thumb Code     0  __rtentry2.o(.ARM.Collect$$rtentry$$0000000D)
    __rt_entry_postli_1                      0x00000471   Thumb Code     0  __rtentry2.o(.ARM.Collect$$rtentry$$0000000C)
    __rt_exit                                0x0000047d   Thumb Code     0  rtexit.o(.ARM.Collect$$rtexit$$00000000)
    __rt_exit_ls                             0x0000047f   Thumb Code     0  rtexit2.o(.ARM.Collect$$rtexit$$00000003)
    __rt_exit_prels_1                        0x0000047f   Thumb Code     0  rtexit2.o(.ARM.Collect$$rtexit$$00000002)
    __rt_exit_exit                           0x00000483   Thumb Code     0  rtexit2.o(.ARM.Collect$$rtexit$$00000004)
    exit                                     0x00000489   Thumb Code    18  exit.o(.text)
    __I$use$semihosting                      0x0000049b   Thumb Code     0  use_no_semi.o(.text)
    __use_no_semihosting_swi                 0x0000049b   Thumb Code     2  use_no_semi.o(.text)
    __semihosting_library_function           0x0000049d   Thumb Code     0  indicate_semi.o(.text)
    _sys_exit                                0x0000049d   Thumb Code     8  sys_exit.o(.text)
    BusFault_Handler                         0x000004a9   Thumb Code     4  startup_armcm4.o(.text.Default_Handler)
    DebugMon_Handler                         0x000004a9   Thumb Code     4  startup_armcm4.o(.text.Default_Handler)
    Default_Handler                          0x000004a9   Thumb Code     4  startup_armcm4.o(.text.Default_Handler)
    Interrupt0_Handler                       0x000004a9   Thumb Code     4  startup_armcm4.o(.text.Default_Handler)
    Interrupt1_Handler                       0x000004a9   Thumb Code     4  startup_armcm4.o(.text.Default_Handler)
    Interrupt2_Handler                       0x000004a9   Thumb Code     4  startup_armcm4.o(.text.Default_Handler)
    Interrupt3_Handler                       0x000004a9   Thumb Code     4  startup_armcm4.o(.text.Default_Handler)
    Interrupt4_Handler                       0x000004a9   Thumb Code     4  startup_armcm4.o(.text.Default_Handler)
    Interrupt5_Handler                       0x000004a9   Thumb Code     4  startup_armcm4.o(.text.Default_Handler)
    Interrupt6_Handler                       0x000004a9   Thumb Code     4  startup_armcm4.o(.text.Default_Handler)
    Interrupt7_Handler                       0x000004a9   Thumb Code     4  startup_armcm4.o(.text.Default_Handler)
    Interrupt8_Handler                       0x000004a9   Thumb Code     4  startup_armcm4.o(.text.Default_Handler)
    Interrupt9_Handler                       0x000004a9   Thumb Code     4  startup_armcm4.o(.text.Default_Handler)
    MemManage_Handler                        0x000004a9   Thumb Code     4  startup_armcm4.o(.text.Default_Handler)
    NMI_Handler                              0x000004a9   Thumb Code     4  startup_armcm4.o(.text.Default_Handler)
    SVC_Handler                              0x000004a9   Thumb Code     4  startup_armcm4.o(.text.Default_Handler)
    SysTick_Handler                          0x000004a9   Thumb Code     4  startup_armcm4.o(.text.Default_Handler)
    UsageFault_Handler                       0x000004a9   Thumb Code     4  startup_armcm4.o(.text.Default_Handler)
    HardFault_Handler                        0x000004ad   Thumb Code     4  startup_armcm4.o(.text.HardFault_Handler)
    PendSV_Handler                           0x000004b1   Thumb Code    76  port.o(.text.PendSV_Handler)
    Reset_Handler                            0x00000501   Thumb Code     8  startup_armcm4.o(.text.Reset_Handler)
    SystemInit                               0x00000509   Thumb Code    38  system_armcm4.o(.text.SystemInit)
    Task1_Entry                              0x00000531   Thumb Code    66  task_demo.o(.text.Task1_Entry)
    Task2_Entry                              0x00000575   Thumb Code    66  task_demo.o(.text.Task2_Entry)
    delay                                    0x000005b9   Thumb Code    26  task_demo.o(.text.delay)
    main                                     0x000005d5   Thumb Code   174  task_demo.o(.text.main)
    prvInitialiseTaskLists                   0x00000715   Thumb Code    54  task.o(.text.prvInitialiseTaskLists)
    prvStartFirstTask                        0x00000751   Thumb Code    30  port.o(.text.prvStartFirstTask)
    pxPortInitialiseStack                    0x00000779   Thumb Code    80  port.o(.text.pxPortInitialiseStack)
    vListInitialise                          0x000007c9   Thumb Code    46  list.o(.text.vListInitialise)
    vListInitialiseItem                      0x000007f9   Thumb Code    14  list.o(.text.vListInitialiseItem)
    vListInsertEnd                           0x00000809   Thumb Code    58  list.o(.text.vListInsertEnd)
    vTaskStartScheduler                      0x00000845   Thumb Code    32  task.o(.text.vTaskStartScheduler)
    vTaskSwitchContext                       0x00000865   Thumb Code    66  task.o(.text.vTaskSwitchContext)
    xPortStartScheduler                      0x000008a9   Thumb Code    34  port.o(.text.xPortStartScheduler)
    xTaskCreateStatic                        0x000008cd   Thumb Code    86  task.o(.text.xTaskCreateStatic)
    Region$$Table$$Base                      0x00000930   Number         0  anon$$obj.o(Region$$Table)
    Region$$Table$$Limit                     0x00000950   Number         0  anon$$obj.o(Region$$Table)
    SystemCoreClock                          0x20000000   Data           4  system_armcm4.o(.data.SystemCoreClock)
    flag1                                    0x20000004   Data           1  task_demo.o(.data.flag1)
    Task1Stack                               0x20000008   Data         512  task_demo.o(.bss.Task1Stack)
    Task1TCB                                 0x20000208   Data          44  task_demo.o(.bss.Task1TCB)
    Task1_Handle                             0x20000234   Data           4  task_demo.o(.bss.Task1_Handle)
    Task2Stack                               0x20000238   Data         512  task_demo.o(.bss.Task2Stack)
    Task2TCB                                 0x20000438   Data          44  task_demo.o(.bss.Task2TCB)
    Task2_Handle                             0x20000464   Data           4  task_demo.o(.bss.Task2_Handle)
    flag2                                    0x20000468   Data           1  task_demo.o(.bss.flag2)
    pxCurrentTCB                             0x2000046c   Data           4  task.o(.bss.pxCurrentTCB)
    pxReadyTasksLists                        0x20000470   Data         100  task.o(.bss.pxReadyTasksLists)
    Image$$ARM_LIB_HEAP$$ZI$$Base            0x200004d8   Number         0  anon$$obj.o ABSOLUTE
    Image$$ARM_LIB_HEAP$$ZI$$Limit           0x200010d8   Number         0  anon$$obj.o ABSOLUTE
    Image$$ARM_LIB_STACK$$ZI$$Limit          0x20040000   Number         0  anon$$obj.o ABSOLUTE



==============================================================================

Memory Map of the image

  Image Entry point : 0x000003c1

  Load Region LR_ROM (Base: 0x00000000, Size: 0x00000958, Max: 0x00080000, ABSOLUTE)

    Execution Region ER_ROM (Exec base: 0x00000000, Load base: 0x00000000, Size: 0x00000950, Max: 0x00080000, ABSOLUTE)

    Exec Addr    Load Addr    Size         Type   Attr      Idx    E Section Name        Object

    0x00000000   0x00000000   0x000003c0   Data   RO           90    RESET               startup_armcm4.o
    0x000003c0   0x000003c0   0x00000008   Code   RO          111  * !!!main             c_w.l(__main.o)
    0x000003c8   0x000003c8   0x0000005c   Code   RO          289    !!!scatter          c_w.l(__scatter.o)
    0x00000424   0x00000424   0x0000001a   Code   RO          293    !!handler_copy      c_w.l(__scatter_copy.o)
    0x0000043e   0x0000043e   0x00000002   PAD
    0x00000440   0x00000440   0x00000002   Code   RO          290    !!handler_null      c_w.l(__scatter.o)
    0x00000442   0x00000442   0x00000002   PAD
    0x00000444   0x00000444   0x0000001c   Code   RO          295    !!handler_zi        c_w.l(__scatter_zi.o)
    0x00000460   0x00000460   0x00000002   Code   RO          143    .ARM.Collect$$libinit$$00000000  c_w.l(libinit.o)
    0x00000462   0x00000462   0x00000000   Code   RO          154    .ARM.Collect$$libinit$$00000002  c_w.l(libinit2.o)
    0x00000462   0x00000462   0x00000000   Code   RO          156    .ARM.Collect$$libinit$$00000004  c_w.l(libinit2.o)
    0x00000462   0x00000462   0x00000000   Code   RO          158    .ARM.Collect$$libinit$$00000006  c_w.l(libinit2.o)
    0x00000462   0x00000462   0x00000000   Code   RO          161    .ARM.Collect$$libinit$$0000000C  c_w.l(libinit2.o)
    0x00000462   0x00000462   0x00000000   Code   RO          163    .ARM.Collect$$libinit$$0000000E  c_w.l(libinit2.o)
    0x00000462   0x00000462   0x00000000   Code   RO          165    .ARM.Collect$$libinit$$00000010  c_w.l(libinit2.o)
    0x00000462   0x00000462   0x00000000   Code   RO          168    .ARM.Collect$$libinit$$00000013  c_w.l(libinit2.o)
    0x00000462   0x00000462   0x00000000   Code   RO          170    .ARM.Collect$$libinit$$00000015  c_w.l(libinit2.o)
    0x00000462   0x00000462   0x00000000   Code   RO          172    .ARM.Collect$$libinit$$00000017  c_w.l(libinit2.o)
    0x00000462   0x00000462   0x00000000   Code   RO          174    .ARM.Collect$$libinit$$00000019  c_w.l(libinit2.o)
    0x00000462   0x00000462   0x00000000   Code   RO          176    .ARM.Collect$$libinit$$0000001B  c_w.l(libinit2.o)
    0x00000462   0x00000462   0x00000000   Code   RO          178    .ARM.Collect$$libinit$$0000001D  c_w.l(libinit2.o)
    0x00000462   0x00000462   0x00000000   Code   RO          180    .ARM.Collect$$libinit$$0000001F  c_w.l(libinit2.o)
    0x00000462   0x00000462   0x00000000   Code   RO          182    .ARM.Collect$$libinit$$00000021  c_w.l(libinit2.o)
    0x00000462   0x00000462   0x00000000   Code   RO          184    .ARM.Collect$$libinit$$00000023  c_w.l(libinit2.o)
    0x00000462   0x00000462   0x00000000   Code   RO          186    .ARM.Collect$$libinit$$00000025  c_w.l(libinit2.o)
    0x00000462   0x00000462   0x00000000   Code   RO          188    .ARM.Collect$$libinit$$00000027  c_w.l(libinit2.o)
    0x00000462   0x00000462   0x00000000   Code   RO          192    .ARM.Collect$$libinit$$0000002E  c_w.l(libinit2.o)
    0x00000462   0x00000462   0x00000000   Code   RO          194    .ARM.Collect$$libinit$$00000030  c_w.l(libinit2.o)
    0x00000462   0x00000462   0x00000000   Code   RO          196    .ARM.Collect$$libinit$$00000032  c_w.l(libinit2.o)
    0x00000462   0x00000462   0x00000000   Code   RO          198    .ARM.Collect$$libinit$$00000034  c_w.l(libinit2.o)
    0x00000462   0x00000462   0x00000002   Code   RO          199    .ARM.Collect$$libinit$$00000035  c_w.l(libinit2.o)
    0x00000464   0x00000464   0x00000002   Code   RO          228    .ARM.Collect$$libshutdown$$00000000  c_w.l(libshutdown.o)
    0x00000466   0x00000466   0x00000000   Code   RO          240    .ARM.Collect$$libshutdown$$00000002  c_w.l(libshutdown2.o)
    0x00000466   0x00000466   0x00000000   Code   RO          242    .ARM.Collect$$libshutdown$$00000004  c_w.l(libshutdown2.o)
    0x00000466   0x00000466   0x00000000   Code   RO          245    .ARM.Collect$$libshutdown$$00000007  c_w.l(libshutdown2.o)
    0x00000466   0x00000466   0x00000000   Code   RO          248    .ARM.Collect$$libshutdown$$0000000A  c_w.l(libshutdown2.o)
    0x00000466   0x00000466   0x00000000   Code   RO          250    .ARM.Collect$$libshutdown$$0000000C  c_w.l(libshutdown2.o)
    0x00000466   0x00000466   0x00000000   Code   RO          253    .ARM.Collect$$libshutdown$$0000000F  c_w.l(libshutdown2.o)
    0x00000466   0x00000466   0x00000002   Code   RO          254    .ARM.Collect$$libshutdown$$00000010  c_w.l(libshutdown2.o)
    0x00000468   0x00000468   0x00000000   Code   RO          113    .ARM.Collect$$rtentry$$00000000  c_w.l(__rtentry.o)
    0x00000468   0x00000468   0x00000000   Code   RO          115    .ARM.Collect$$rtentry$$00000002  c_w.l(__rtentry2.o)
    0x00000468   0x00000468   0x00000004   Code   RO          129    .ARM.Collect$$rtentry$$00000007  c_w.l(__rtentry7.o)
    0x0000046c   0x0000046c   0x00000000   Code   RO          117    .ARM.Collect$$rtentry$$00000009  c_w.l(__rtentry2.o)
    0x0000046c   0x0000046c   0x00000004   Code   RO          118    .ARM.Collect$$rtentry$$0000000A  c_w.l(__rtentry2.o)
    0x00000470   0x00000470   0x00000000   Code   RO          120    .ARM.Collect$$rtentry$$0000000C  c_w.l(__rtentry2.o)
    0x00000470   0x00000470   0x00000008   Code   RO          121    .ARM.Collect$$rtentry$$0000000D  c_w.l(__rtentry2.o)
    0x00000478   0x00000478   0x00000004   Code   RO          130    .ARM.Collect$$rtentry$$00002718  c_w.l(__rtentry7.o)
    0x0000047c   0x0000047c   0x00000002   Code   RO          151    .ARM.Collect$$rtexit$$00000000  c_w.l(rtexit.o)
    0x0000047e   0x0000047e   0x00000000   Code   RO          208    .ARM.Collect$$rtexit$$00000002  c_w.l(rtexit2.o)
    0x0000047e   0x0000047e   0x00000004   Code   RO          209    .ARM.Collect$$rtexit$$00000003  c_w.l(rtexit2.o)
    0x00000482   0x00000482   0x00000006   Code   RO          210    .ARM.Collect$$rtexit$$00000004  c_w.l(rtexit2.o)
    0x00000488   0x00000488   0x00000012   Code   RO          136    .text               c_w.l(exit.o)
    0x0000049a   0x0000049a   0x00000002   Code   RO          204    .text               c_w.l(use_no_semi.o)
    0x0000049c   0x0000049c   0x00000000   Code   RO          206    .text               c_w.l(indicate_semi.o)
    0x0000049c   0x0000049c   0x0000000c   Code   RO          218    .text               c_w.l(sys_exit.o)
    0x000004a8   0x000004a8   0x00000004   Code   RO           84    .text.Default_Handler  startup_armcm4.o
    0x000004ac   0x000004ac   0x00000004   Code   RO           88    .text.HardFault_Handler  startup_armcm4.o
    0x000004b0   0x000004b0   0x00000050   Code   RO           39    .text.PendSV_Handler  port.o
    0x00000500   0x00000500   0x00000008   Code   RO           86    .text.Reset_Handler  startup_armcm4.o
    0x00000508   0x00000508   0x00000026   Code   RO          100    .text.SystemInit    system_armcm4.o
    0x0000052e   0x0000052e   0x00000002   PAD
    0x00000530   0x00000530   0x00000042   Code   RO            6    .text.Task1_Entry   task_demo.o
    0x00000572   0x00000572   0x00000002   PAD
    0x00000574   0x00000574   0x00000042   Code   RO            8    .text.Task2_Entry   task_demo.o
    0x000005b6   0x000005b6   0x00000002   PAD
    0x000005b8   0x000005b8   0x0000001a   Code   RO           10    .text.delay         task_demo.o
    0x000005d2   0x000005d2   0x00000002   PAD
    0x000005d4   0x000005d4   0x000000ae   Code   RO            4    .text.main          task_demo.o
    0x00000682   0x00000682   0x00000002   PAD
    0x00000684   0x00000684   0x0000008e   Code   RO           67    .text.prvInitialiseNewTask  task.o
    0x00000712   0x00000712   0x00000002   PAD
    0x00000714   0x00000714   0x00000036   Code   RO           69    .text.prvInitialiseTaskLists  task.o
    0x0000074a   0x0000074a   0x00000006   PAD
    0x00000750   0x00000750   0x00000024   Code   RO           33    .text.prvStartFirstTask  port.o
    0x00000774   0x00000774   0x00000004   Code   RO           31    .text.prvTaskExitError  port.o
    0x00000778   0x00000778   0x00000050   Code   RO           29    .text.pxPortInitialiseStack  port.o
    0x000007c8   0x000007c8   0x0000002e   Code   RO           50    .text.vListInitialise  list.o
    0x000007f6   0x000007f6   0x00000002   PAD
    0x000007f8   0x000007f8   0x0000000e   Code   RO           48    .text.vListInitialiseItem  list.o
    0x00000806   0x00000806   0x00000002   PAD
    0x00000808   0x00000808   0x0000003a   Code   RO           52    .text.vListInsertEnd  list.o
    0x00000842   0x00000842   0x00000002   PAD
    0x00000844   0x00000844   0x00000020   Code   RO           71    .text.vTaskStartScheduler  task.o
    0x00000864   0x00000864   0x00000042   Code   RO           73    .text.vTaskSwitchContext  task.o
    0x000008a6   0x000008a6   0x00000002   PAD
    0x000008a8   0x000008a8   0x00000022   Code   RO           35    .text.xPortStartScheduler  port.o
    0x000008ca   0x000008ca   0x00000002   PAD
    0x000008cc   0x000008cc   0x00000056   Code   RO           65    .text.xTaskCreateStatic  task.o
    0x00000922   0x00000922   0x0000000c   Data   RO           14    .rodata.str1.1      task_demo.o
    0x0000092e   0x0000092e   0x00000002   PAD
    0x00000930   0x00000930   0x00000020   Data   RO          288    Region$$Table       anon$$obj.o


    Execution Region RW_RAM (Exec base: 0x20000000, Load base: 0x00000950, Size: 0x000004d4, Max: 0x0003f200, ABSOLUTE)

    Exec Addr    Load Addr    Size         Type   Attr      Idx    E Section Name        Object

    0x20000000   0x00000950   0x00000004   Data   RW          102    .data.SystemCoreClock  system_armcm4.o
    0x20000004   0x00000954   0x00000001   Data   RW           12    .data.flag1         task_demo.o
    0x20000005   0x00000955   0x00000003   PAD
    0x20000008        -       0x00000200   Zero   RW           15    .bss.Task1Stack     task_demo.o
    0x20000208        -       0x0000002c   Zero   RW           16    .bss.Task1TCB       task_demo.o
    0x20000234        -       0x00000004   Zero   RW           17    .bss.Task1_Handle   task_demo.o
    0x20000238        -       0x00000200   Zero   RW           18    .bss.Task2Stack     task_demo.o
    0x20000438        -       0x0000002c   Zero   RW           19    .bss.Task2TCB       task_demo.o
    0x20000464        -       0x00000004   Zero   RW           20    .bss.Task2_Handle   task_demo.o
    0x20000468        -       0x00000001   Zero   RW           13    .bss.flag2          task_demo.o
    0x20000469   0x00000955   0x00000003   PAD
    0x2000046c        -       0x00000004   Zero   RW           76    .bss.pxCurrentTCB   task.o
    0x20000470        -       0x00000064   Zero   RW           75    .bss.pxReadyTasksLists  task.o


    Execution Region ARM_LIB_HEAP (Exec base: 0x200004d8, Load base: 0x00000958, Size: 0x00000c00, Max: 0x00000c00, ABSOLUTE)

    Exec Addr    Load Addr    Size         Type   Attr      Idx    E Section Name        Object

    0x200004d8        -       0x00000c00   Zero   RW            1    ARM_LIB_HEAP.bss    anon$$obj.o


    Execution Region ARM_LIB_STACK (Exec base: 0x2003fe00, Load base: 0x00000958, Size: 0x00000200, Max: 0x00000200, ABSOLUTE)

    Exec Addr    Load Addr    Size         Type   Attr      Idx    E Section Name        Object

    0x2003fe00        -       0x00000200   Zero   RW            2    ARM_LIB_STACK.bss   anon$$obj.o


==============================================================================

Image component sizes


      Code (inc. data)   RO Data    RW Data    ZI Data      Debug   Object Name

       118          0          0          0          0       2069   list.o
       234          8          0          0          0       1468   port.o
        16          0        960          0          0        857   startup_armcm4.o
        38          0          0          4          0       1382   system_armcm4.o
       380          0          0          0        104       2718   task.o
       332          0         12          1       1121       1916   task_demo.o

    ----------------------------------------------------------------------
      1146          8       1006          8       4812      10410   Object Totals
         0          0         32          0       3584          0   (incl. Generated)
        28          0          2          3          3          0   (incl. Padding)

    ----------------------------------------------------------------------

      Code (inc. data)   RO Data    RW Data    ZI Data      Debug   Library Member Name

         8          0          0          0          0         68   __main.o
         0          0          0          0          0          0   __rtentry.o
        12          0          0          0          0          0   __rtentry2.o
         8          4          0          0          0          0   __rtentry7.o
        94          8          0          0          0          0   __scatter.o
        26          0          0          0          0          0   __scatter_copy.o
        28          0          0          0          0          0   __scatter_zi.o
        18          0          0          0          0         80   exit.o
         0          0          0          0          0          0   indicate_semi.o
         2          0          0          0          0          0   libinit.o
         2          0          0          0          0          0   libinit2.o
         2          0          0          0          0          0   libshutdown.o
         2          0          0          0          0          0   libshutdown2.o
         2          0          0          0          0          0   rtexit.o
        10          0          0          0          0          0   rtexit2.o
        12          4          0          0          0         68   sys_exit.o
         2          0          0          0          0         68   use_no_semi.o

    ----------------------------------------------------------------------
       232         16          0          0          0        284   Library Totals
         4          0          0          0          0          0   (incl. Padding)

    ----------------------------------------------------------------------

      Code (inc. data)   RO Data    RW Data    ZI Data      Debug   Library Name

       228         16          0          0          0        284   c_w.l

    ----------------------------------------------------------------------
       232         16          0          0          0        284   Library Totals

    ----------------------------------------------------------------------

==============================================================================


      Code (inc. data)   RO Data    RW Data    ZI Data      Debug   

      1378         24       1006          8       4812      10762   Grand Totals
      1378         24       1006          8       4812      10762   ELF Image Totals
      1378         24       1006          8          0          0   ROM Totals

==============================================================================

    Total RO  Size (Code + RO Data)                 2384 (   2.33kB)
    Total RW  Size (RW Data + ZI Data)              4820 (   4.71kB)
    Total ROM Size (Code + RO Data + RW Data)       2392 (   2.34kB)

==============================================================================

