<html>
<body>
<pre>
<h1>µVision Build Log</h1>
<h2>Tool Versions:</h2>
IDE-Version: ¦ÌVision V5.39.0.0
Copyright (C) 2023 ARM Ltd and ARM Germany GmbH. All rights reserved.
License Information: s July
s
User-based license: Keil MDK Community (non-commercial free of charge)
Valid until: Jun 1 2033. Cached until: Oct 11 2024
 
Tool Versions:
Toolchain:       Keil MDK Community (non-commercial free of charge  Version: 5.39.0.0
Toolchain Path:  D:\Keil\MDK539\ARM\ARMCLANG\Bin
C Compiler:      ArmClang.exe V6.21
Assembler:       Armasm.exe V6.21
Linker/Locator:  ArmLink.exe V6.21
Library Manager: ArmAr.exe V6.21
Hex Converter:   FromElf.exe V6.21
CPU DLL:         SARMCM3.DLL V5.39.0.0
Dialog DLL:      DCM.DLL V1.17.5.0
Target DLL:      UL2CM3.DLL V1.164.9.0
Dialog DLL:      TCM.DLL V1.56.4.0
 
<h2>Project:</h2>
F:\EmbProject\FreeRTOS\FreeRTOS-NANO\Project\Fire_FreeRTOS\Fire_FreeRTOS.uvprojx
Project File Date:  10/06/2024

<h2>Output:</h2>
*** Using Compiler 'V6.21', folder: 'D:\Keil\MDK539\ARM\ARMCLANG\Bin'
Rebuild target 'FreeRTOS-Nano'
compiling system_ARMCM4.c...
compiling main.c...
compiling startup_ARMCM4.c...
compiling list.c...
linking...
Program Size: Code=272 RO-data=976 RW-data=4 ZI-data=3584  
".\Objects\Fire_FreeRTOS.axf" - 0 Error(s), 0 Warning(s).

<h2>Software Packages used:</h2>

Package Vendor: ARM
                http://www.keil.com/pack/ARM.CMSIS.5.9.0.pack
                ARM::CMSIS@5.9.0
                CMSIS (Common Microcontroller Software Interface Standard)
   * Component: CORE Version: 5.6.0
   * Component: Startup Variant: C Startup Version: 2.0.3

<h2>Collection of Component include folders:</h2>
  ./RTE/_FreeRTOS-Nano
  D:/Keil/MDK539/ARM/CMSIS/5.9.0/CMSIS/Core/Include
  D:/Keil/MDK539/ARM/CMSIS/5.9.0/Device/ARM/ARMCM4/Include

<h2>Collection of Component Files used:</h2>

   * Component: ARM::CMSIS:CORE@5.6.0

   * Component: ARM::Device:Startup&C Startup@2.0.3
      Source file:   Device/ARM/ARMCM4/Source/system_ARMCM4.c
      Source file:   Device/ARM/ARMCM4/Source/startup_ARMCM4.c
Build Time Elapsed:  00:00:01
</pre>
</body>
</html>
