Component: ARM Compiler 5.06 update 7 (build 960) Tool: armlink [4d3601]

==============================================================================

Section Cross References

    task_demo.o(i.Task1_Entry) refers to task_demo.o(i.delay) for delay
    task_demo.o(i.Task1_Entry) refers to task_demo.o(.data) for flag1
    task_demo.o(i.Task2_Entry) refers to task_demo.o(i.delay) for delay
    task_demo.o(i.Task2_Entry) refers to task_demo.o(.data) for flag2
    task_demo.o(i.main) refers to task.o(i.prvInitialiseTaskLists) for prvInitialiseTaskLists
    task_demo.o(i.main) refers to task.o(i.xTaskCreateStatic) for xTaskCreateStatic
    task_demo.o(i.main) refers to list.o(i.vListInsertEnd) for vListInsertEnd
    task_demo.o(i.main) refers to task.o(i.vTaskStartScheduler) for vTaskStartScheduler
    task_demo.o(i.main) refers to task_demo.o(.bss) for Task1TCB
    task_demo.o(i.main) refers to task_demo.o(i.Task1_Entry) for Task1_Entry
    task_demo.o(i.main) refers to task_demo.o(.data) for Task1_Handle
    task_demo.o(i.main) refers to task.o(.bss) for pxReadyTasksLists
    task_demo.o(i.main) refers to task_demo.o(i.Task2_Entry) for Task2_Entry
    port.o(.emb_text) refers to task.o(.data) for pxCurrentTCB
    port.o(.emb_text) refers to task.o(i.vTaskSwitchContext) for vTaskSwitchContext
    port.o(i.pxPortInitialiseStack) refers to port.o(i.prvTaskExitError) for prvTaskExitError
    port.o(i.xPortStartScheduler) refers to port.o(.emb_text) for prvStartFirstTask
    task.o(i.prvInitialiseNewTask) refers to list.o(i.vListInitialiseItem) for vListInitialiseItem
    task.o(i.prvInitialiseNewTask) refers to port.o(i.pxPortInitialiseStack) for pxPortInitialiseStack
    task.o(i.prvInitialiseTaskLists) refers to list.o(i.vListInitialise) for vListInitialise
    task.o(i.prvInitialiseTaskLists) refers to task.o(.bss) for pxReadyTasksLists
    task.o(i.vTaskStartScheduler) refers to port.o(i.xPortStartScheduler) for xPortStartScheduler
    task.o(i.vTaskStartScheduler) refers to task_demo.o(.bss) for Task1TCB
    task.o(i.vTaskStartScheduler) refers to task.o(.data) for pxCurrentTCB
    task.o(i.vTaskSwitchContext) refers to task.o(.data) for pxCurrentTCB
    task.o(i.vTaskSwitchContext) refers to task_demo.o(.bss) for Task1TCB
    task.o(i.xTaskCreateStatic) refers to task.o(i.prvInitialiseNewTask) for prvInitialiseNewTask
    startup_armcm4.o(RESET) refers to startup_armcm4.o(STACK) for __initial_sp
    startup_armcm4.o(RESET) refers to startup_armcm4.o(.text) for Reset_Handler
    startup_armcm4.o(RESET) refers to port.o(.emb_text) for PendSV_Handler
    startup_armcm4.o(.text) refers to system_armcm4.o(i.SystemInit) for SystemInit
    startup_armcm4.o(.text) refers to entry.o(.ARM.Collect$$$$00000000) for __main
    system_armcm4.o(i.SystemCoreClockUpdate) refers to system_armcm4.o(.data) for SystemCoreClock
    system_armcm4.o(i.SystemInit) refers to startup_armcm4.o(RESET) for __Vectors
    system_armcm4.o(i.SystemInit) refers to system_armcm4.o(.data) for SystemCoreClock
    entry.o(.ARM.Collect$$$$00000000) refers (Special) to entry10a.o(.ARM.Collect$$$$0000000F) for __rt_final_cpp
    entry.o(.ARM.Collect$$$$00000000) refers (Special) to entry11a.o(.ARM.Collect$$$$00000011) for __rt_final_exit
    entry.o(.ARM.Collect$$$$00000000) refers (Special) to entry12b.o(.ARM.Collect$$$$0000000E) for __rt_lib_shutdown_fini
    entry.o(.ARM.Collect$$$$00000000) refers (Special) to entry7b.o(.ARM.Collect$$$$00000008) for _main_clock
    entry.o(.ARM.Collect$$$$00000000) refers (Special) to entry8b.o(.ARM.Collect$$$$0000000A) for _main_cpp_init
    entry.o(.ARM.Collect$$$$00000000) refers (Special) to entry9a.o(.ARM.Collect$$$$0000000B) for _main_init
    entry.o(.ARM.Collect$$$$00000000) refers (Special) to entry5.o(.ARM.Collect$$$$00000004) for _main_scatterload
    entry.o(.ARM.Collect$$$$00000000) refers (Special) to entry2.o(.ARM.Collect$$$$00000001) for _main_stk
    entry2.o(.ARM.Collect$$$$00000001) refers to entry2.o(.ARM.Collect$$$$00002712) for __lit__00000000
    entry2.o(.ARM.Collect$$$$00002712) refers to startup_armcm4.o(STACK) for __initial_sp
    entry2.o(__vectab_stack_and_reset_area) refers to startup_armcm4.o(STACK) for __initial_sp
    entry2.o(__vectab_stack_and_reset_area) refers to entry.o(.ARM.Collect$$$$00000000) for __main
    entry5.o(.ARM.Collect$$$$00000004) refers to init.o(.text) for __scatterload
    entry9a.o(.ARM.Collect$$$$0000000B) refers to task_demo.o(i.main) for main
    entry9b.o(.ARM.Collect$$$$0000000C) refers to task_demo.o(i.main) for main
    init.o(.text) refers to entry5.o(.ARM.Collect$$$$00000004) for __main_after_scatterload


==============================================================================

Removing Unused input sections from the image.

    Removing port.o(.rev16_text), (4 bytes).
    Removing port.o(.revsh_text), (4 bytes).
    Removing port.o(.rrx_text), (6 bytes).
    Removing list.o(i.uxListRemove), (40 bytes).
    Removing list.o(i.vListInsert), (52 bytes).
    Removing startup_armcm4.o(HEAP), (3072 bytes).
    Removing system_armcm4.o(.rev16_text), (4 bytes).
    Removing system_armcm4.o(.revsh_text), (4 bytes).
    Removing system_armcm4.o(.rrx_text), (6 bytes).
    Removing system_armcm4.o(i.SystemCoreClockUpdate), (16 bytes).

10 unused section(s) (total 3208 bytes) removed from the image.

==============================================================================

Image Symbol Table

    Local Symbols

    Symbol Name                              Value     Ov Type        Size  Object(Section)

    RESET                                    0x00000000   Section      960  startup_armcm4.o(RESET)
    ../clib/microlib/init/entry.s            0x00000000   Number         0  entry7b.o ABSOLUTE
    ../clib/microlib/init/entry.s            0x00000000   Number         0  entry11b.o ABSOLUTE
    ../clib/microlib/init/entry.s            0x00000000   Number         0  entry12b.o ABSOLUTE
    ../clib/microlib/init/entry.s            0x00000000   Number         0  entry11a.o ABSOLUTE
    ../clib/microlib/init/entry.s            0x00000000   Number         0  entry10b.o ABSOLUTE
    ../clib/microlib/init/entry.s            0x00000000   Number         0  entry.o ABSOLUTE
    ../clib/microlib/init/entry.s            0x00000000   Number         0  entry10a.o ABSOLUTE
    ../clib/microlib/init/entry.s            0x00000000   Number         0  entry2.o ABSOLUTE
    ../clib/microlib/init/entry.s            0x00000000   Number         0  entry9b.o ABSOLUTE
    ../clib/microlib/init/entry.s            0x00000000   Number         0  entry12a.o ABSOLUTE
    ../clib/microlib/init/entry.s            0x00000000   Number         0  entry9a.o ABSOLUTE
    ../clib/microlib/init/entry.s            0x00000000   Number         0  entry5.o ABSOLUTE
    ../clib/microlib/init/entry.s            0x00000000   Number         0  entry8b.o ABSOLUTE
    ../clib/microlib/init/entry.s            0x00000000   Number         0  entry8a.o ABSOLUTE
    ../clib/microlib/init/entry.s            0x00000000   Number         0  entry7a.o ABSOLUTE
    ..\..\FreeRTOS\Source\list.c             0x00000000   Number         0  list.o ABSOLUTE
    ..\..\FreeRTOS\Source\portable\RVDS\ARM_CM4\port.c 0x00000000   Number         0  port.o ABSOLUTE
    ..\..\FreeRTOS\Source\task.c             0x00000000   Number         0  task.o ABSOLUTE
    ..\..\User\task_demo.c                   0x00000000   Number         0  task_demo.o ABSOLUTE
    ..\\..\\FreeRTOS\\Source\\portable\\RVDS\\ARM_CM4\\port.c 0x00000000   Number         0  port.o ABSOLUTE
    RTE/Device/ARMCM4/startup_ARMCM4.s       0x00000000   Number         0  startup_armcm4.o ABSOLUTE
    RTE/Device/ARMCM4/system_ARMCM4.c        0x00000000   Number         0  system_armcm4.o ABSOLUTE
    RTE\Device\ARMCM4\system_ARMCM4.c        0x00000000   Number         0  system_armcm4.o ABSOLUTE
    dc.s                                     0x00000000   Number         0  dc.o ABSOLUTE
    handlers.s                               0x00000000   Number         0  handlers.o ABSOLUTE
    init.s                                   0x00000000   Number         0  init.o ABSOLUTE
    .ARM.Collect$$$$00000000                 0x000003c0   Section        0  entry.o(.ARM.Collect$$$$00000000)
    .ARM.Collect$$$$00000001                 0x000003c0   Section        4  entry2.o(.ARM.Collect$$$$00000001)
    .ARM.Collect$$$$00000004                 0x000003c4   Section        4  entry5.o(.ARM.Collect$$$$00000004)
    .ARM.Collect$$$$00000008                 0x000003c8   Section        0  entry7b.o(.ARM.Collect$$$$00000008)
    .ARM.Collect$$$$0000000A                 0x000003c8   Section        0  entry8b.o(.ARM.Collect$$$$0000000A)
    .ARM.Collect$$$$0000000B                 0x000003c8   Section        8  entry9a.o(.ARM.Collect$$$$0000000B)
    .ARM.Collect$$$$0000000E                 0x000003d0   Section        4  entry12b.o(.ARM.Collect$$$$0000000E)
    .ARM.Collect$$$$0000000F                 0x000003d4   Section        0  entry10a.o(.ARM.Collect$$$$0000000F)
    .ARM.Collect$$$$00000011                 0x000003d4   Section        0  entry11a.o(.ARM.Collect$$$$00000011)
    .ARM.Collect$$$$00002712                 0x000003d4   Section        4  entry2.o(.ARM.Collect$$$$00002712)
    __lit__00000000                          0x000003d4   Data           4  entry2.o(.ARM.Collect$$$$00002712)
    .emb_text                                0x000003d8   Section      144  port.o(.emb_text)
    .text                                    0x00000468   Section       56  startup_armcm4.o(.text)
    .text                                    0x000004a0   Section       36  init.o(.text)
    i.SystemInit                             0x000004c4   Section        0  system_armcm4.o(i.SystemInit)
    i.Task1_Entry                            0x000004e4   Section        0  task_demo.o(i.Task1_Entry)
    i.Task2_Entry                            0x00000518   Section        0  task_demo.o(i.Task2_Entry)
    i.__scatterload_copy                     0x0000054c   Section       14  handlers.o(i.__scatterload_copy)
    i.__scatterload_null                     0x0000055a   Section        2  handlers.o(i.__scatterload_null)
    i.__scatterload_zeroinit                 0x0000055c   Section       14  handlers.o(i.__scatterload_zeroinit)
    i.delay                                  0x0000056a   Section        0  task_demo.o(i.delay)
    i.main                                   0x00000574   Section        0  task_demo.o(i.main)
    i.prvInitialiseNewTask                   0x000005fc   Section        0  task.o(i.prvInitialiseNewTask)
    prvInitialiseNewTask                     0x000005fd   Thumb Code    96  task.o(i.prvInitialiseNewTask)
    i.prvInitialiseTaskLists                 0x0000065c   Section        0  task.o(i.prvInitialiseTaskLists)
    i.prvTaskExitError                       0x0000067c   Section        0  port.o(i.prvTaskExitError)
    prvTaskExitError                         0x0000067d   Thumb Code     4  port.o(i.prvTaskExitError)
    i.pxPortInitialiseStack                  0x00000680   Section        0  port.o(i.pxPortInitialiseStack)
    i.vListInitialise                        0x000006a4   Section        0  list.o(i.vListInitialise)
    i.vListInitialiseItem                    0x000006be   Section        0  list.o(i.vListInitialiseItem)
    i.vListInsertEnd                         0x000006c4   Section        0  list.o(i.vListInsertEnd)
    i.vTaskStartScheduler                    0x000006dc   Section        0  task.o(i.vTaskStartScheduler)
    i.vTaskSwitchContext                     0x000006f4   Section        0  task.o(i.vTaskSwitchContext)
    i.xPortStartScheduler                    0x0000071c   Section        0  port.o(i.xPortStartScheduler)
    i.xTaskCreateStatic                      0x00000740   Section        0  task.o(i.xTaskCreateStatic)
    .data                                    0x20000000   Section       12  task_demo.o(.data)
    .data                                    0x2000000c   Section        8  task.o(.data)
    uxCurrentNumberOfTasks                   0x20000010   Data           4  task.o(.data)
    .data                                    0x20000014   Section        4  system_armcm4.o(.data)
    .bss                                     0x20000018   Section      248  task_demo.o(.bss)
    .bss                                     0x20000110   Section      100  task.o(.bss)
    STACK                                    0x20000178   Section     1024  startup_armcm4.o(STACK)

    Global Symbols

    Symbol Name                              Value     Ov Type        Size  Object(Section)

    BuildAttributes$$THM_ISAv4$E$P$D$K$B$S$7EM$PE$A:L22UL41UL21$X:L11$S22US41US21$IEEE1$IW$USESV6$~STKCKD$USESV7$~SHL$OSPACE$EBA8$MICROLIB$REQ8$PRES8$EABIv2 0x00000000   Number         0  anon$$obj.o ABSOLUTE
    __ARM_use_no_argv                        0x00000000   Number         0  task_demo.o ABSOLUTE
    __Vectors                                0x00000000   Data           4  startup_armcm4.o(RESET)
    __arm_fini_                               - Undefined Weak Reference
    __cpp_initialize__aeabi_                  - Undefined Weak Reference
    __cxa_finalize                            - Undefined Weak Reference
    __decompress                              - Undefined Weak Reference
    _clock_init                               - Undefined Weak Reference
    _microlib_exit                            - Undefined Weak Reference
    __Vectors_End                            0x000003c0   Data           0  startup_armcm4.o(RESET)
    __Vectors_Size                           0x000003c0   Number         0  startup_armcm4.o ABSOLUTE
    __main                                   0x000003c1   Thumb Code     0  entry.o(.ARM.Collect$$$$00000000)
    _main_stk                                0x000003c1   Thumb Code     0  entry2.o(.ARM.Collect$$$$00000001)
    _main_scatterload                        0x000003c5   Thumb Code     0  entry5.o(.ARM.Collect$$$$00000004)
    __main_after_scatterload                 0x000003c9   Thumb Code     0  entry5.o(.ARM.Collect$$$$00000004)
    _main_clock                              0x000003c9   Thumb Code     0  entry7b.o(.ARM.Collect$$$$00000008)
    _main_cpp_init                           0x000003c9   Thumb Code     0  entry8b.o(.ARM.Collect$$$$0000000A)
    _main_init                               0x000003c9   Thumb Code     0  entry9a.o(.ARM.Collect$$$$0000000B)
    __rt_lib_shutdown_fini                   0x000003d1   Thumb Code     0  entry12b.o(.ARM.Collect$$$$0000000E)
    __rt_final_cpp                           0x000003d5   Thumb Code     0  entry10a.o(.ARM.Collect$$$$0000000F)
    __rt_final_exit                          0x000003d5   Thumb Code     0  entry11a.o(.ARM.Collect$$$$00000011)
    prvStartFirstTask                        0x000003d9   Thumb Code    28  port.o(.emb_text)
    vPortSVCHandler                          0x000003f9   Thumb Code    32  port.o(.emb_text)
    PendSV_Handler                           0x0000041d   Thumb Code    72  port.o(.emb_text)
    Reset_Handler                            0x00000469   Thumb Code     8  startup_armcm4.o(.text)
    HardFault_Handler                        0x00000471   Thumb Code     2  startup_armcm4.o(.text)
    NMI_Handler                              0x00000473   Thumb Code     2  startup_armcm4.o(.text)
    MemManage_Handler                        0x00000475   Thumb Code     2  startup_armcm4.o(.text)
    BusFault_Handler                         0x00000477   Thumb Code     2  startup_armcm4.o(.text)
    UsageFault_Handler                       0x00000479   Thumb Code     2  startup_armcm4.o(.text)
    SVC_Handler                              0x0000047b   Thumb Code     2  startup_armcm4.o(.text)
    DebugMon_Handler                         0x0000047d   Thumb Code     2  startup_armcm4.o(.text)
    SysTick_Handler                          0x00000481   Thumb Code     2  startup_armcm4.o(.text)
    Interrupt0_Handler                       0x00000483   Thumb Code     2  startup_armcm4.o(.text)
    Interrupt1_Handler                       0x00000485   Thumb Code     2  startup_armcm4.o(.text)
    Interrupt2_Handler                       0x00000487   Thumb Code     2  startup_armcm4.o(.text)
    Interrupt3_Handler                       0x00000489   Thumb Code     2  startup_armcm4.o(.text)
    Interrupt4_Handler                       0x0000048b   Thumb Code     2  startup_armcm4.o(.text)
    Interrupt5_Handler                       0x0000048d   Thumb Code     2  startup_armcm4.o(.text)
    Interrupt6_Handler                       0x0000048f   Thumb Code     2  startup_armcm4.o(.text)
    Interrupt7_Handler                       0x00000491   Thumb Code     2  startup_armcm4.o(.text)
    Interrupt8_Handler                       0x00000493   Thumb Code     2  startup_armcm4.o(.text)
    Interrupt9_Handler                       0x00000495   Thumb Code     2  startup_armcm4.o(.text)
    __scatterload                            0x000004a1   Thumb Code    28  init.o(.text)
    __scatterload_rt2                        0x000004a1   Thumb Code     0  init.o(.text)
    SystemInit                               0x000004c5   Thumb Code    14  system_armcm4.o(i.SystemInit)
    Task1_Entry                              0x000004e5   Thumb Code    44  task_demo.o(i.Task1_Entry)
    Task2_Entry                              0x00000519   Thumb Code    44  task_demo.o(i.Task2_Entry)
    __scatterload_copy                       0x0000054d   Thumb Code    14  handlers.o(i.__scatterload_copy)
    __scatterload_null                       0x0000055b   Thumb Code     2  handlers.o(i.__scatterload_null)
    __scatterload_zeroinit                   0x0000055d   Thumb Code    14  handlers.o(i.__scatterload_zeroinit)
    delay                                    0x0000056b   Thumb Code    10  task_demo.o(i.delay)
    main                                     0x00000575   Thumb Code    84  task_demo.o(i.main)
    prvInitialiseTaskLists                   0x0000065d   Thumb Code    28  task.o(i.prvInitialiseTaskLists)
    pxPortInitialiseStack                    0x00000681   Thumb Code    30  port.o(i.pxPortInitialiseStack)
    vListInitialise                          0x000006a5   Thumb Code    26  list.o(i.vListInitialise)
    vListInitialiseItem                      0x000006bf   Thumb Code     6  list.o(i.vListInitialiseItem)
    vListInsertEnd                           0x000006c5   Thumb Code    24  list.o(i.vListInsertEnd)
    vTaskStartScheduler                      0x000006dd   Thumb Code    14  task.o(i.vTaskStartScheduler)
    vTaskSwitchContext                       0x000006f5   Thumb Code    26  task.o(i.vTaskSwitchContext)
    xPortStartScheduler                      0x0000071d   Thumb Code    32  port.o(i.xPortStartScheduler)
    xTaskCreateStatic                        0x00000741   Thumb Code    54  task.o(i.xTaskCreateStatic)
    Region$$Table$$Base                      0x00000778   Number         0  anon$$obj.o(Region$$Table)
    Region$$Table$$Limit                     0x00000798   Number         0  anon$$obj.o(Region$$Table)
    flag1                                    0x20000000   Data           1  task_demo.o(.data)
    flag2                                    0x20000001   Data           1  task_demo.o(.data)
    Task1_Handle                             0x20000004   Data           4  task_demo.o(.data)
    Task2_Handle                             0x20000008   Data           4  task_demo.o(.data)
    pxCurrentTCB                             0x2000000c   Data           4  task.o(.data)
    SystemCoreClock                          0x20000014   Data           4  system_armcm4.o(.data)
    Task1Stack                               0x20000018   Data          80  task_demo.o(.bss)
    Task2Stack                               0x20000068   Data          80  task_demo.o(.bss)
    Task1TCB                                 0x200000b8   Data          44  task_demo.o(.bss)
    Task2TCB                                 0x200000e4   Data          44  task_demo.o(.bss)
    pxReadyTasksLists                        0x20000110   Data         100  task.o(.bss)
    __stack_limit                            0x20000178   Data           0  startup_armcm4.o(STACK)
    __initial_sp                             0x20000578   Data           0  startup_armcm4.o(STACK)



==============================================================================

Memory Map of the image

  Image Entry point : 0x000003c1

  Load Region LR_IROM1 (Base: 0x00000000, Size: 0x000007b0, Max: 0x00040000, ABSOLUTE)

    Execution Region ER_IROM1 (Exec base: 0x00000000, Load base: 0x00000000, Size: 0x00000798, Max: 0x00040000, ABSOLUTE)

    Exec Addr    Load Addr    Size         Type   Attr      Idx    E Section Name        Object

    0x00000000   0x00000000   0x000003c0   Data   RO          209    RESET               startup_armcm4.o
    0x000003c0   0x000003c0   0x00000000   Code   RO          251  * .ARM.Collect$$$$00000000  mc_w.l(entry.o)
    0x000003c0   0x000003c0   0x00000004   Code   RO          254    .ARM.Collect$$$$00000001  mc_w.l(entry2.o)
    0x000003c4   0x000003c4   0x00000004   Code   RO          257    .ARM.Collect$$$$00000004  mc_w.l(entry5.o)
    0x000003c8   0x000003c8   0x00000000   Code   RO          259    .ARM.Collect$$$$00000008  mc_w.l(entry7b.o)
    0x000003c8   0x000003c8   0x00000000   Code   RO          261    .ARM.Collect$$$$0000000A  mc_w.l(entry8b.o)
    0x000003c8   0x000003c8   0x00000008   Code   RO          262    .ARM.Collect$$$$0000000B  mc_w.l(entry9a.o)
    0x000003d0   0x000003d0   0x00000004   Code   RO          269    .ARM.Collect$$$$0000000E  mc_w.l(entry12b.o)
    0x000003d4   0x000003d4   0x00000000   Code   RO          264    .ARM.Collect$$$$0000000F  mc_w.l(entry10a.o)
    0x000003d4   0x000003d4   0x00000000   Code   RO          266    .ARM.Collect$$$$00000011  mc_w.l(entry11a.o)
    0x000003d4   0x000003d4   0x00000004   Code   RO          255    .ARM.Collect$$$$00002712  mc_w.l(entry2.o)
    0x000003d8   0x000003d8   0x00000090   Code   RO           68    .emb_text           port.o
    0x00000468   0x00000468   0x00000038   Code   RO          210    .text               startup_armcm4.o
    0x000004a0   0x000004a0   0x00000024   Code   RO          270    .text               mc_w.l(init.o)
    0x000004c4   0x000004c4   0x00000020   Code   RO          218    i.SystemInit        system_armcm4.o
    0x000004e4   0x000004e4   0x00000034   Code   RO            1    i.Task1_Entry       task_demo.o
    0x00000518   0x00000518   0x00000034   Code   RO            2    i.Task2_Entry       task_demo.o
    0x0000054c   0x0000054c   0x0000000e   Code   RO          274    i.__scatterload_copy  mc_w.l(handlers.o)
    0x0000055a   0x0000055a   0x00000002   Code   RO          275    i.__scatterload_null  mc_w.l(handlers.o)
    0x0000055c   0x0000055c   0x0000000e   Code   RO          276    i.__scatterload_zeroinit  mc_w.l(handlers.o)
    0x0000056a   0x0000056a   0x0000000a   Code   RO            3    i.delay             task_demo.o
    0x00000574   0x00000574   0x00000088   Code   RO            4    i.main              task_demo.o
    0x000005fc   0x000005fc   0x00000060   Code   RO          167    i.prvInitialiseNewTask  task.o
    0x0000065c   0x0000065c   0x00000020   Code   RO          168    i.prvInitialiseTaskLists  task.o
    0x0000067c   0x0000067c   0x00000004   Code   RO           69    i.prvTaskExitError  port.o
    0x00000680   0x00000680   0x00000024   Code   RO           70    i.pxPortInitialiseStack  port.o
    0x000006a4   0x000006a4   0x0000001a   Code   RO          129    i.vListInitialise   list.o
    0x000006be   0x000006be   0x00000006   Code   RO          130    i.vListInitialiseItem  list.o
    0x000006c4   0x000006c4   0x00000018   Code   RO          132    i.vListInsertEnd    list.o
    0x000006dc   0x000006dc   0x00000018   Code   RO          169    i.vTaskStartScheduler  task.o
    0x000006f4   0x000006f4   0x00000028   Code   RO          170    i.vTaskSwitchContext  task.o
    0x0000071c   0x0000071c   0x00000024   Code   RO           71    i.xPortStartScheduler  port.o
    0x00000740   0x00000740   0x00000036   Code   RO          171    i.xTaskCreateStatic  task.o
    0x00000776   0x00000776   0x00000002   PAD
    0x00000778   0x00000778   0x00000020   Data   RO          272    Region$$Table       anon$$obj.o


    Execution Region RW_IRAM1 (Exec base: 0x20000000, Load base: 0x00000798, Size: 0x00000578, Max: 0x00020000, ABSOLUTE)

    Exec Addr    Load Addr    Size         Type   Attr      Idx    E Section Name        Object

    0x20000000   0x00000798   0x0000000c   Data   RW            6    .data               task_demo.o
    0x2000000c   0x000007a4   0x00000008   Data   RW          173    .data               task.o
    0x20000014   0x000007ac   0x00000004   Data   RW          219    .data               system_armcm4.o
    0x20000018        -       0x000000f8   Zero   RW            5    .bss                task_demo.o
    0x20000110        -       0x00000064   Zero   RW          172    .bss                task.o
    0x20000174   0x000007b0   0x00000004   PAD
    0x20000178        -       0x00000400   Zero   RW          207    STACK               startup_armcm4.o


==============================================================================

Image component sizes


      Code (inc. data)   RO Data    RW Data    ZI Data      Debug   Object Name

        56          0          0          0          0       1925   list.o
       220         22          0          0          0       2986   port.o
        56         10        960          0       1024       1188   startup_armcm4.o
        32         18          0          4          0        699   system_armcm4.o
       246         28          0          8        100       4053   task.o
       250         68          0         12        248      11259   task_demo.o

    ----------------------------------------------------------------------
       862        146        992         24       1376      22110   Object Totals
         0          0         32          0          0          0   (incl. Generated)
         2          0          0          0          4          0   (incl. Padding)

    ----------------------------------------------------------------------

      Code (inc. data)   RO Data    RW Data    ZI Data      Debug   Library Member Name

         0          0          0          0          0          0   entry.o
         0          0          0          0          0          0   entry10a.o
         0          0          0          0          0          0   entry11a.o
         4          0          0          0          0          0   entry12b.o
         8          4          0          0          0          0   entry2.o
         4          0          0          0          0          0   entry5.o
         0          0          0          0          0          0   entry7b.o
         0          0          0          0          0          0   entry8b.o
         8          4          0          0          0          0   entry9a.o
        30          0          0          0          0          0   handlers.o
        36          8          0          0          0         68   init.o

    ----------------------------------------------------------------------
        90         16          0          0          0         68   Library Totals
         0          0          0          0          0          0   (incl. Padding)

    ----------------------------------------------------------------------

      Code (inc. data)   RO Data    RW Data    ZI Data      Debug   Library Name

        90         16          0          0          0         68   mc_w.l

    ----------------------------------------------------------------------
        90         16          0          0          0         68   Library Totals

    ----------------------------------------------------------------------

==============================================================================


      Code (inc. data)   RO Data    RW Data    ZI Data      Debug   

       952        162        992         24       1376      21602   Grand Totals
       952        162        992         24       1376      21602   ELF Image Totals
       952        162        992         24          0          0   ROM Totals

==============================================================================

    Total RO  Size (Code + RO Data)                 1944 (   1.90kB)
    Total RW  Size (RW Data + ZI Data)              1400 (   1.37kB)
    Total ROM Size (Code + RO Data + RW Data)       1968 (   1.92kB)

==============================================================================

